Component: ARM Compiler 5.06 update 7 (build 960) Tool: armlink [4d3601]

==============================================================================

Section Cross References

    systick.o(i.delay_1ms) refers to systick.o(.data) for delay
    systick.o(i.delay_decrement) refers to systick.o(.data) for delay
    systick.o(i.systick_config) refers to systick.o(i.NVIC_SetPriority) for NVIC_SetPriority
    systick.o(i.systick_config) refers to system_gd32f4xx.o(.data) for SystemCoreClock
    main.o(i.main) refers to systick.o(i.systick_config) for systick_config
    main.o(i.main) refers to bsp_led.o(i.led_gpio_config) for led_gpio_config
    main.o(i.main) refers to bsp_usart.o(i.usart_gpio_config) for usart_gpio_config
    main.o(i.main) refers to delay.o(i.delay_init) for delay_init
    main.o(i.main) refers to printf1.o(i.__0printf$1) for __2printf
    main.o(i.main) refers to tasks.o(i.xTaskCreate) for xTaskCreate
    main.o(i.main) refers to tasks.o(i.vTaskStartScheduler) for vTaskStartScheduler
    main.o(i.main) refers to tasks.o(i.vTaskDelay) for vTaskDelay
    main.o(i.main) refers to tasks.o(i.vTaskDelete) for vTaskDelete
    main.o(i.main) refers to my_task.o(i.led0_task) for led0_task
    main.o(i.main) refers to my_task.o(i.led1_task) for led1_task
    delay.o(i.SysTick_Handler) refers to tasks.o(i.xTaskGetSchedulerState) for xTaskGetSchedulerState
    delay.o(i.SysTick_Handler) refers to port.o(i.xPortSysTickHandler) for xPortSysTickHandler
    delay.o(i.delay_init) refers to gd32f4xx_misc.o(i.systick_clksource_set) for systick_clksource_set
    delay.o(i.delay_init) refers to delay.o(.data) for fac_us
    delay.o(i.delay_ms) refers to tasks.o(i.xTaskGetSchedulerState) for xTaskGetSchedulerState
    delay.o(i.delay_ms) refers to tasks.o(i.vTaskDelay) for vTaskDelay
    delay.o(i.delay_ms) refers to delay.o(i.delay_us) for delay_us
    delay.o(i.delay_ms) refers to delay.o(.data) for fac_ms
    delay.o(i.delay_us) refers to delay.o(.data) for fac_us
    delay.o(i.delay_xms) refers to delay.o(i.delay_us) for delay_us
    my_task.o(i.led0_task) refers to tasks.o(i.vTaskDelay) for vTaskDelay
    my_task.o(i.led0_task) refers to printf1.o(i.__0printf$1) for __2printf
    my_task.o(i.led0_task) refers to my_task.o(.data) for n
    my_task.o(i.led1_task) refers to tasks.o(i.vTaskDelay) for vTaskDelay
    my_task.o(i.led1_task) refers to printf1.o(i.__0printf$1) for __2printf
    system_gd32f4xx.o(i.SystemCoreClockUpdate) refers to system_gd32f4xx.o(.data) for SystemCoreClock
    system_gd32f4xx.o(i.SystemInit) refers to system_gd32f4xx.o(i.system_clock_config) for system_clock_config
    system_gd32f4xx.o(i.system_clock_config) refers to system_gd32f4xx.o(i.system_clock_200m_25m_hxtal) for system_clock_200m_25m_hxtal
    startup_gd32f450_470.o(RESET) refers to startup_gd32f450_470.o(STACK) for __initial_sp
    startup_gd32f450_470.o(RESET) refers to startup_gd32f450_470.o(.text) for Reset_Handler
    startup_gd32f450_470.o(RESET) refers to gd32f4xx_it.o(i.NMI_Handler) for NMI_Handler
    startup_gd32f450_470.o(RESET) refers to gd32f4xx_it.o(i.HardFault_Handler) for HardFault_Handler
    startup_gd32f450_470.o(RESET) refers to gd32f4xx_it.o(i.MemManage_Handler) for MemManage_Handler
    startup_gd32f450_470.o(RESET) refers to gd32f4xx_it.o(i.BusFault_Handler) for BusFault_Handler
    startup_gd32f450_470.o(RESET) refers to gd32f4xx_it.o(i.UsageFault_Handler) for UsageFault_Handler
    startup_gd32f450_470.o(RESET) refers to port.o(.emb_text) for SVC_Handler
    startup_gd32f450_470.o(RESET) refers to gd32f4xx_it.o(i.DebugMon_Handler) for DebugMon_Handler
    startup_gd32f450_470.o(RESET) refers to delay.o(i.SysTick_Handler) for SysTick_Handler
    startup_gd32f450_470.o(.text) refers to system_gd32f4xx.o(i.SystemInit) for SystemInit
    startup_gd32f450_470.o(.text) refers to entry.o(.ARM.Collect$$$$00000000) for __main
    bsp_led.o(i.led_gpio_config) refers to gd32f4xx_rcu.o(i.rcu_periph_clock_enable) for rcu_periph_clock_enable
    bsp_led.o(i.led_gpio_config) refers to gd32f4xx_gpio.o(i.gpio_mode_set) for gpio_mode_set
    bsp_led.o(i.led_gpio_config) refers to gd32f4xx_gpio.o(i.gpio_output_options_set) for gpio_output_options_set
    bsp_usart.o(i.fputc) refers to bsp_usart.o(i.usart_send_data) for usart_send_data
    bsp_usart.o(i.usart_gpio_config) refers to gd32f4xx_rcu.o(i.rcu_periph_clock_enable) for rcu_periph_clock_enable
    bsp_usart.o(i.usart_gpio_config) refers to gd32f4xx_gpio.o(i.gpio_af_set) for gpio_af_set
    bsp_usart.o(i.usart_gpio_config) refers to gd32f4xx_gpio.o(i.gpio_mode_set) for gpio_mode_set
    bsp_usart.o(i.usart_gpio_config) refers to gd32f4xx_gpio.o(i.gpio_output_options_set) for gpio_output_options_set
    bsp_usart.o(i.usart_gpio_config) refers to gd32f4xx_usart.o(i.usart_deinit) for usart_deinit
    bsp_usart.o(i.usart_gpio_config) refers to gd32f4xx_usart.o(i.usart_baudrate_set) for usart_baudrate_set
[...]
    printfa.o(i._printf_core) refers to printfa.o(i._printf_post_padding) for _printf_post_padding
    printfa.o(i._printf_core) refers to printfa.o(i._fp_digits) for _fp_digits
    printfa.o(i._printf_core) refers to uidiv.o(.text) for __aeabi_uidivmod
    printfa.o(i._printf_post_padding) refers (Special) to iusefp.o(.text) for __I$use$fp
    printfa.o(i._printf_pre_padding) refers (Special) to iusefp.o(.text) for __I$use$fp
    printfa.o(i._snputc) refers (Special) to iusefp.o(.text) for __I$use$fp
    printfa.o(i._sputc) refers (Special) to iusefp.o(.text) for __I$use$fp
    entry2.o(.ARM.Collect$$$$00000001) refers to entry2.o(.ARM.Collect$$$$00002712) for __lit__00000000
    entry2.o(.ARM.Collect$$$$00002712) refers to startup_gd32f450_470.o(STACK) for __initial_sp
    entry2.o(__vectab_stack_and_reset_area) refers to startup_gd32f450_470.o(STACK) for __initial_sp
    entry2.o(__vectab_stack_and_reset_area) refers to entry.o(.ARM.Collect$$$$00000000) for __main
    entry5.o(.ARM.Collect$$$$00000004) refers to init.o(.text) for __scatterload
    entry9a.o(.ARM.Collect$$$$0000000B) refers to main.o(i.main) for main
    entry9b.o(.ARM.Collect$$$$0000000C) refers to main.o(i.main) for main
    uldiv.o(.text) refers to llushr.o(.text) for __aeabi_llsr
    uldiv.o(.text) refers to llshl.o(.text) for __aeabi_llsl
    dadd.o(.text) refers to llshl.o(.text) for __aeabi_llsl
    dadd.o(.text) refers to llsshr.o(.text) for __aeabi_lasr
    dadd.o(.text) refers to depilogue.o(.text) for _double_epilogue
    dmul.o(.text) refers to depilogue.o(.text) for _double_epilogue
    ddiv.o(.text) refers to depilogue.o(.text) for _double_round
    dfixul.o(.text) refers to llushr.o(.text) for __aeabi_llsr
    dfixul.o(.text) refers to llshl.o(.text) for __aeabi_llsl
    init.o(.text) refers to entry5.o(.ARM.Collect$$$$00000004) for __main_after_scatterload
    depilogue.o(.text) refers to llshl.o(.text) for __aeabi_llsl
    depilogue.o(.text) refers to llushr.o(.text) for __aeabi_llsr


==============================================================================

Removing Unused input sections from the image.

    Removing systick.o(.rev16_text), (4 bytes).
    Removing systick.o(.revsh_text), (4 bytes).
    Removing systick.o(i.delay_1ms), (20 bytes).
    Removing systick.o(i.delay_decrement), (24 bytes).
    Removing systick.o(.data), (4 bytes).
    Removing main.o(.rev16_text), (4 bytes).
    Removing main.o(.revsh_text), (4 bytes).
    Removing main.o(.data), (4 bytes).
    Removing gd32f4xx_it.o(.rev16_text), (4 bytes).
    Removing gd32f4xx_it.o(.revsh_text), (4 bytes).
    Removing sys.o(.rev16_text), (4 bytes).
    Removing sys.o(.revsh_text), (4 bytes).
    Removing delay.o(.rev16_text), (4 bytes).
    Removing delay.o(.revsh_text), (4 bytes).
    Removing delay.o(i.delay_ms), (64 bytes).
    Removing delay.o(i.delay_us), (72 bytes).
    Removing delay.o(i.delay_xms), (24 bytes).
    Removing my_task.o(.rev16_text), (4 bytes).
    Removing my_task.o(.revsh_text), (4 bytes).
    Removing system_gd32f4xx.o(.rev16_text), (4 bytes).
    Removing system_gd32f4xx.o(.revsh_text), (4 bytes).
    Removing system_gd32f4xx.o(i.SystemCoreClockUpdate), (272 bytes).
    Removing startup_gd32f450_470.o(HEAP), (1024 bytes).
    Removing bsp_led.o(.rev16_text), (4 bytes).
    Removing bsp_led.o(.revsh_text), (4 bytes).
    Removing bsp_usart.o(.rev16_text), (4 bytes).
    Removing bsp_usart.o(.revsh_text), (4 bytes).
    Removing bsp_usart.o(i.usart_send_string), (24 bytes).
    Removing gd32f4xx_gpio.o(.rev16_text), (4 bytes).
    Removing gd32f4xx_gpio.o(.revsh_text), (4 bytes).
    Removing gd32f4xx_gpio.o(i.gpio_bit_reset), (4 bytes).
    Removing gd32f4xx_gpio.o(i.gpio_bit_set), (4 bytes).
    Removing gd32f4xx_gpio.o(i.gpio_bit_toggle), (4 bytes).
    Removing gd32f4xx_gpio.o(i.gpio_bit_write), (10 bytes).
    Removing gd32f4xx_gpio.o(i.gpio_deinit), (206 bytes).
    Removing gd32f4xx_gpio.o(i.gpio_input_bit_get), (16 bytes).
    Removing gd32f4xx_gpio.o(i.gpio_input_port_get), (8 bytes).
    Removing gd32f4xx_gpio.o(i.gpio_output_bit_get), (16 bytes).
    Removing gd32f4xx_gpio.o(i.gpio_output_port_get), (8 bytes).
    Removing gd32f4xx_gpio.o(i.gpio_pin_lock), (18 bytes).
    Removing gd32f4xx_gpio.o(i.gpio_port_toggle), (8 bytes).
    Removing gd32f4xx_gpio.o(i.gpio_port_write), (4 bytes).
    Removing gd32f4xx_rcu.o(.rev16_text), (4 bytes).
    Removing gd32f4xx_rcu.o(.revsh_text), (4 bytes).
    Removing gd32f4xx_rcu.o(i.rcu_ahb_clock_config), (24 bytes).
    Removing gd32f4xx_rcu.o(i.rcu_all_reset_flag_clear), (20 bytes).
    Removing gd32f4xx_rcu.o(i.rcu_apb1_clock_config), (24 bytes).
    Removing gd32f4xx_rcu.o(i.rcu_apb2_clock_config), (24 bytes).
    Removing gd32f4xx_rcu.o(i.rcu_bkp_reset_disable), (20 bytes).
    Removing gd32f4xx_rcu.o(i.rcu_bkp_reset_enable), (20 bytes).
    Removing gd32f4xx_rcu.o(i.rcu_ck48m_clock_config), (24 bytes).
    Removing gd32f4xx_rcu.o(i.rcu_ckout0_config), (28 bytes).
    Removing gd32f4xx_rcu.o(i.rcu_ckout1_config), (28 bytes).
    Removing gd32f4xx_rcu.o(i.rcu_deepsleep_voltage_set), (16 bytes).
    Removing gd32f4xx_rcu.o(i.rcu_deinit), (140 bytes).
    Removing gd32f4xx_rcu.o(i.rcu_flag_get), (36 bytes).
    Removing gd32f4xx_rcu.o(i.rcu_hxtal_clock_monitor_disable), (20 bytes).
    Removing gd32f4xx_rcu.o(i.rcu_hxtal_clock_monitor_enable), (20 bytes).
    Removing gd32f4xx_rcu.o(i.rcu_i2s_clock_config), (24 bytes).
    Removing gd32f4xx_rcu.o(i.rcu_interrupt_disable), (36 bytes).
    Removing gd32f4xx_rcu.o(i.rcu_interrupt_enable), (36 bytes).
    Removing gd32f4xx_rcu.o(i.rcu_interrupt_flag_clear), (36 bytes).
    Removing gd32f4xx_rcu.o(i.rcu_interrupt_flag_get), (36 bytes).
    Removing gd32f4xx_rcu.o(i.rcu_irc16m_adjust_value_set), (28 bytes).
    Removing gd32f4xx_rcu.o(i.rcu_lxtal_drive_capability_config), (24 bytes).
    Removing gd32f4xx_rcu.o(i.rcu_osci_bypass_mode_disable), (116 bytes).
    Removing gd32f4xx_rcu.o(i.rcu_osci_bypass_mode_enable), (116 bytes).
    Removing gd32f4xx_rcu.o(i.rcu_osci_off), (36 bytes).
    Removing gd32f4xx_rcu.o(i.rcu_osci_on), (36 bytes).
    Removing gd32f4xx_rcu.o(i.rcu_osci_stab_wait), (348 bytes).
    Removing gd32f4xx_rcu.o(i.rcu_periph_clock_disable), (36 bytes).
    Removing gd32f4xx_rcu.o(i.rcu_periph_clock_sleep_disable), (36 bytes).
    Removing gd32f4xx_rcu.o(i.rcu_periph_clock_sleep_enable), (36 bytes).
    Removing gd32f4xx_rcu.o(i.rcu_pll48m_clock_config), (24 bytes).
    Removing gd32f4xx_rcu.o(i.rcu_pll_config), (132 bytes).
    Removing gd32f4xx_rcu.o(i.rcu_plli2s_config), (44 bytes).
    Removing gd32f4xx_rcu.o(i.rcu_pllsai_config), (72 bytes).
    Removing gd32f4xx_rcu.o(i.rcu_rtc_clock_config), (24 bytes).
    Removing gd32f4xx_rcu.o(i.rcu_rtc_div_config), (24 bytes).
    Removing gd32f4xx_rcu.o(i.rcu_spread_spectrum_config), (32 bytes).
    Removing gd32f4xx_rcu.o(i.rcu_spread_spectrum_disable), (20 bytes).
    Removing gd32f4xx_rcu.o(i.rcu_spread_spectrum_enable), (20 bytes).
    Removing gd32f4xx_rcu.o(i.rcu_system_clock_source_config), (24 bytes).
    Removing gd32f4xx_rcu.o(i.rcu_system_clock_source_get), (16 bytes).
    Removing gd32f4xx_rcu.o(i.rcu_timer_clock_prescaler_config), (36 bytes).
    Removing gd32f4xx_rcu.o(i.rcu_tli_clock_div_config), (24 bytes).
    Removing gd32f4xx_rcu.o(i.rcu_voltage_key_unlock), (16 bytes).
    Removing gd32f4xx_usart.o(.rev16_text), (4 bytes).
    Removing gd32f4xx_usart.o(.revsh_text), (4 bytes).
    Removing gd32f4xx_usart.o(i.usart_address_config), (20 bytes).
    Removing gd32f4xx_usart.o(i.usart_block_length_config), (28 bytes).
    Removing gd32f4xx_usart.o(i.usart_break_frame_coherence_config), (24 bytes).
    Removing gd32f4xx_usart.o(i.usart_data_first_config), (20 bytes).
    Removing gd32f4xx_usart.o(i.usart_data_receive), (10 bytes).
    Removing gd32f4xx_usart.o(i.usart_disable), (10 bytes).
    Removing gd32f4xx_usart.o(i.usart_dma_receive_config), (16 bytes).
    Removing gd32f4xx_usart.o(i.usart_dma_transmit_config), (16 bytes).
    Removing gd32f4xx_usart.o(i.usart_flag_clear), (26 bytes).
    Removing gd32f4xx_usart.o(i.usart_guard_time_config), (24 bytes).
    Removing gd32f4xx_usart.o(i.usart_halfduplex_disable), (10 bytes).
    Removing gd32f4xx_usart.o(i.usart_halfduplex_enable), (10 bytes).
    Removing gd32f4xx_usart.o(i.usart_hardware_flow_coherence_config), (24 bytes).
    Removing gd32f4xx_usart.o(i.usart_hardware_flow_cts_config), (16 bytes).
    Removing gd32f4xx_usart.o(i.usart_hardware_flow_rts_config), (16 bytes).
    Removing gd32f4xx_usart.o(i.usart_interrupt_disable), (26 bytes).
    Removing gd32f4xx_usart.o(i.usart_interrupt_enable), (26 bytes).
    Removing gd32f4xx_usart.o(i.usart_interrupt_flag_clear), (26 bytes).
    Removing gd32f4xx_usart.o(i.usart_interrupt_flag_get), (56 bytes).
    Removing gd32f4xx_usart.o(i.usart_invert_config), (104 bytes).
    Removing gd32f4xx_usart.o(i.usart_irda_lowpower_config), (20 bytes).
    Removing gd32f4xx_usart.o(i.usart_irda_mode_disable), (10 bytes).
    Removing gd32f4xx_usart.o(i.usart_irda_mode_enable), (10 bytes).
    Removing gd32f4xx_usart.o(i.usart_lin_break_detection_length_config), (20 bytes).
    Removing gd32f4xx_usart.o(i.usart_lin_mode_disable), (10 bytes).
    Removing gd32f4xx_usart.o(i.usart_lin_mode_enable), (10 bytes).
    Removing gd32f4xx_usart.o(i.usart_mute_mode_disable), (10 bytes).
    Removing gd32f4xx_usart.o(i.usart_mute_mode_enable), (10 bytes).
    Removing gd32f4xx_usart.o(i.usart_mute_mode_wakeup_config), (16 bytes).
    Removing gd32f4xx_usart.o(i.usart_oversample_config), (16 bytes).
    Removing gd32f4xx_usart.o(i.usart_parity_check_coherence_config), (24 bytes).
    Removing gd32f4xx_usart.o(i.usart_prescaler_config), (16 bytes).
    Removing gd32f4xx_usart.o(i.usart_receive_config), (16 bytes).
    Removing gd32f4xx_usart.o(i.usart_receiver_timeout_disable), (14 bytes).
    Removing gd32f4xx_usart.o(i.usart_receiver_timeout_enable), (14 bytes).
    Removing gd32f4xx_usart.o(i.usart_receiver_timeout_threshold_config), (20 bytes).
    Removing gd32f4xx_usart.o(i.usart_sample_bit_config), (16 bytes).
    Removing gd32f4xx_usart.o(i.usart_send_break), (10 bytes).
    Removing gd32f4xx_usart.o(i.usart_smartcard_autoretry_config), (26 bytes).
    Removing gd32f4xx_usart.o(i.usart_smartcard_mode_disable), (10 bytes).
    Removing gd32f4xx_usart.o(i.usart_smartcard_mode_enable), (10 bytes).
    Removing gd32f4xx_usart.o(i.usart_smartcard_mode_nack_disable), (10 bytes).
    Removing gd32f4xx_usart.o(i.usart_smartcard_mode_nack_enable), (10 bytes).
    Removing gd32f4xx_usart.o(i.usart_synchronous_clock_config), (34 bytes).
    Removing gd32f4xx_usart.o(i.usart_synchronous_clock_disable), (10 bytes).
    Removing gd32f4xx_usart.o(i.usart_synchronous_clock_enable), (10 bytes).
    Removing gd32f4xx_misc.o(.rev16_text), (4 bytes).
    Removing gd32f4xx_misc.o(.revsh_text), (4 bytes).
    Removing gd32f4xx_misc.o(i.nvic_irq_disable), (24 bytes).
    Removing gd32f4xx_misc.o(i.nvic_irq_enable), (196 bytes).
    Removing gd32f4xx_misc.o(i.nvic_priority_group_set), (20 bytes).
    Removing gd32f4xx_misc.o(i.nvic_vector_table_set), (24 bytes).
    Removing gd32f4xx_misc.o(i.system_lowpower_reset), (16 bytes).
    Removing gd32f4xx_misc.o(i.system_lowpower_set), (16 bytes).
    Removing event_groups.o(i.prvTestWaitCondition), (30 bytes).
    Removing event_groups.o(i.uxEventGroupGetNumber), (14 bytes).
    Removing event_groups.o(i.vEventGroupClearBitsCallback), (16 bytes).
    Removing event_groups.o(i.vEventGroupDelete), (106 bytes).
    Removing event_groups.o(i.vEventGroupSetBitsCallback), (16 bytes).
    Removing event_groups.o(i.vEventGroupSetNumber), (4 bytes).
    Removing event_groups.o(i.xEventGroupClearBits), (92 bytes).
    Removing event_groups.o(i.xEventGroupCreate), (26 bytes).
    Removing event_groups.o(i.xEventGroupGetBitsFromISR), (44 bytes).
    Removing event_groups.o(i.xEventGroupSetBits), (206 bytes).
    Removing event_groups.o(i.xEventGroupSync), (272 bytes).
    Removing event_groups.o(i.xEventGroupWaitBits), (344 bytes).
    Removing queue.o(i.pcQueueGetName), (68 bytes).
    Removing queue.o(i.prvCopyDataToQueue), (126 bytes).
    Removing queue.o(i.prvGetDisinheritPriorityAfterTimeout), (20 bytes).
    Removing queue.o(i.prvInitialiseMutex), (30 bytes).
    Removing queue.o(i.prvIsQueueFull), (30 bytes).
    Removing queue.o(i.ucQueueGetQueueType), (8 bytes).
    Removing queue.o(i.uxQueueGetQueueNumber), (6 bytes).
    Removing queue.o(i.uxQueueMessagesWaiting), (42 bytes).
    Removing queue.o(i.uxQueueMessagesWaitingFromISR), (34 bytes).
    Removing queue.o(i.uxQueueSpacesAvailable), (48 bytes).
    Removing queue.o(i.vQueueDelete), (44 bytes).
    Removing queue.o(i.vQueueSetQueueNumber), (4 bytes).
    Removing queue.o(i.vQueueUnregisterQueue), (72 bytes).
    Removing queue.o(i.xQueueCreateCountingSemaphore), (60 bytes).
    Removing queue.o(i.xQueueCreateMutex), (34 bytes).
    Removing queue.o(i.xQueueGenericSend), (424 bytes).
    Removing queue.o(i.xQueueGenericSendFromISR), (296 bytes).
    Removing queue.o(i.xQueueGiveFromISR), (272 bytes).
    Removing queue.o(i.xQueueGiveMutexRecursive), (72 bytes).
    Removing queue.o(i.xQueueIsQueueEmptyFromISR), (42 bytes).
    Removing queue.o(i.xQueueIsQueueFullFromISR), (46 bytes).
    Removing queue.o(i.xQueuePeek), (368 bytes).
    Removing queue.o(i.xQueuePeekFromISR), (176 bytes).
    Removing queue.o(i.xQueueReceiveFromISR), (252 bytes).
    Removing queue.o(i.xQueueSemaphoreTake), (404 bytes).
    Removing queue.o(i.xQueueTakeMutexRecursive), (78 bytes).
    Removing stream_buffer.o(i.prvBytesInBuffer), (24 bytes).
    Removing stream_buffer.o(i.prvInitialiseNewStreamBuffer), (90 bytes).
    Removing stream_buffer.o(i.prvReadBytesFromBuffer), (180 bytes).
    Removing stream_buffer.o(i.prvReadMessageFromBuffer), (90 bytes).
    Removing stream_buffer.o(i.prvWriteBytesToBuffer), (184 bytes).
    Removing stream_buffer.o(i.prvWriteMessageToBuffer), (124 bytes).
    Removing stream_buffer.o(i.ucStreamBufferGetStreamBufferType), (10 bytes).
    Removing stream_buffer.o(i.uxStreamBufferGetStreamBufferNumber), (6 bytes).
    Removing stream_buffer.o(i.vStreamBufferDelete), (56 bytes).
    Removing stream_buffer.o(i.vStreamBufferSetStreamBufferNumber), (4 bytes).
    Removing stream_buffer.o(i.xStreamBufferBytesAvailable), (42 bytes).
    Removing stream_buffer.o(i.xStreamBufferGenericCreate), (180 bytes).
    Removing stream_buffer.o(i.xStreamBufferIsEmpty), (46 bytes).
    Removing stream_buffer.o(i.xStreamBufferIsFull), (64 bytes).
    Removing stream_buffer.o(i.xStreamBufferNextMessageLengthBytes), (108 bytes).
    Removing stream_buffer.o(i.xStreamBufferReceive), (262 bytes).
    Removing stream_buffer.o(i.xStreamBufferReceiveCompletedFromISR), (104 bytes).
    Removing stream_buffer.o(i.xStreamBufferReceiveFromISR), (184 bytes).
    Removing stream_buffer.o(i.xStreamBufferReset), (84 bytes).
    Removing stream_buffer.o(i.xStreamBufferSend), (346 bytes).
    Removing stream_buffer.o(i.xStreamBufferSendCompletedFromISR), (104 bytes).
    Removing stream_buffer.o(i.xStreamBufferSendFromISR), (186 bytes).
    Removing stream_buffer.o(i.xStreamBufferSetTriggerLevel), (50 bytes).
    Removing stream_buffer.o(i.xStreamBufferSpacesAvailable), (64 bytes).
    Removing tasks.o(i.eTaskGetState), (164 bytes).
    Removing tasks.o(i.pcTaskGetName), (48 bytes).
    Removing tasks.o(i.prvListTasksWithinSingleList), (106 bytes).
    Removing tasks.o(i.prvTaskCheckFreeStackSpace), (22 bytes).
    Removing tasks.o(i.prvTaskIsTaskSuspended), (88 bytes).
    Removing tasks.o(i.pvTaskIncrementMutexHeldCount), (32 bytes).
    Removing tasks.o(i.ulTaskGenericNotifyTake), (168 bytes).
    Removing tasks.o(i.ulTaskGenericNotifyValueClear), (64 bytes).
    Removing tasks.o(i.uxTaskGetNumberOfTasks), (12 bytes).
    Removing tasks.o(i.uxTaskGetSystemState), (176 bytes).
    Removing tasks.o(i.uxTaskGetTaskNumber), (14 bytes).
    Removing tasks.o(i.uxTaskPriorityGet), (36 bytes).
    Removing tasks.o(i.uxTaskPriorityGetFromISR), (68 bytes).
    Removing tasks.o(i.uxTaskResetEventItemValue), (28 bytes).
    Removing tasks.o(i.vTaskEndScheduler), (36 bytes).
    Removing tasks.o(i.vTaskGenericNotifyGiveFromISR), (396 bytes).
    Removing tasks.o(i.vTaskGetInfo), (132 bytes).
    Removing tasks.o(i.vTaskPlaceOnUnorderedEventList), (144 bytes).
    Removing tasks.o(i.vTaskPriorityDisinheritAfterTimeout), (280 bytes).
    Removing tasks.o(i.vTaskPrioritySet), (328 bytes).
    Removing tasks.o(i.vTaskRemoveFromUnorderedEventList), (272 bytes).
    Removing tasks.o(i.vTaskResume), (196 bytes).
    Removing tasks.o(i.vTaskSetTaskNumber), (8 bytes).
    Removing tasks.o(i.vTaskSetTimeOutState), (60 bytes).
    Removing tasks.o(i.vTaskSuspend), (256 bytes).
    Removing tasks.o(i.xTaskCatchUpTicks), (80 bytes).
    Removing tasks.o(i.xTaskDelayUntil), (216 bytes).
    Removing tasks.o(i.xTaskGenericNotify), (464 bytes).
    Removing tasks.o(i.xTaskGenericNotifyFromISR), (548 bytes).
    Removing tasks.o(i.xTaskGenericNotifyStateClear), (96 bytes).
    Removing tasks.o(i.xTaskGenericNotifyWait), (204 bytes).
    Removing tasks.o(i.xTaskGetCurrentTaskHandle), (12 bytes).
    Removing tasks.o(i.xTaskGetTickCountFromISR), (20 bytes).
    Removing tasks.o(i.xTaskPriorityDisinherit), (240 bytes).
    Removing tasks.o(i.xTaskPriorityInherit), (236 bytes).
    Removing tasks.o(i.xTaskResumeFromISR), (244 bytes).
    Removing timers.o(i.pcTimerGetName), (32 bytes).
    Removing timers.o(i.prvInitialiseNewTimer), (88 bytes).
    Removing timers.o(i.pvTimerGetTimerID), (44 bytes).
    Removing timers.o(i.uxTimerGetReloadMode), (12 bytes).
    Removing timers.o(i.uxTimerGetTimerNumber), (6 bytes).
    Removing timers.o(i.vTimerSetReloadMode), (70 bytes).
    Removing timers.o(i.vTimerSetTimerID), (44 bytes).
    Removing timers.o(i.vTimerSetTimerNumber), (4 bytes).
    Removing timers.o(i.xTimerCreate), (54 bytes).
    Removing timers.o(i.xTimerGenericCommand), (132 bytes).
    Removing timers.o(i.xTimerGetExpiryTime), (34 bytes).
    Removing timers.o(i.xTimerGetPeriod), (32 bytes).
    Removing timers.o(i.xTimerGetReloadMode), (58 bytes).
    Removing timers.o(i.xTimerGetTimerDaemonTaskHandle), (48 bytes).
    Removing timers.o(i.xTimerIsTimerActive), (58 bytes).
    Removing heap_4.o(i.pvPortCalloc), (54 bytes).
    Removing heap_4.o(i.vPortGetHeapStats), (128 bytes).
    Removing heap_4.o(i.vPortInitialiseBlocks), (2 bytes).
    Removing heap_4.o(i.xPortGetFreeHeapSize), (12 bytes).
    Removing heap_4.o(i.xPortGetMinimumEverFreeHeapSize), (12 bytes).
    Removing port.o(i.vPortEndScheduler), (48 bytes).
    Removing port.o(i.vPortValidateInterruptPriority), (120 bytes).
    Removing dadd.o(.text), (334 bytes).
    Removing dmul.o(.text), (228 bytes).
    Removing ddiv.o(.text), (222 bytes).
    Removing dfixul.o(.text), (48 bytes).
    Removing cdrcmple.o(.text), (48 bytes).
    Removing depilogue.o(.text), (186 bytes).

269 unused section(s) (total 19530 bytes) removed from the image.

==============================================================================

Image Symbol Table

    Local Symbols

    Symbol Name                              Value     Ov Type        Size  Object(Section)

    ../clib/microlib/division.c              0x00000000   Number         0  uidiv.o ABSOLUTE
    ../clib/microlib/division.c              0x00000000   Number         0  uldiv.o ABSOLUTE
    ../clib/microlib/init/entry.s            0x00000000   Number         0  entry.o ABSOLUTE
    ../clib/microlib/init/entry.s            0x00000000   Number         0  entry8a.o ABSOLUTE
    ../clib/microlib/init/entry.s            0x00000000   Number         0  entry9a.o ABSOLUTE
    ../clib/microlib/init/entry.s            0x00000000   Number         0  entry10b.o ABSOLUTE
    ../clib/microlib/init/entry.s            0x00000000   Number         0  entry12a.o ABSOLUTE
    ../clib/microlib/init/entry.s            0x00000000   Number         0  entry11b.o ABSOLUTE
    ../clib/microlib/init/entry.s            0x00000000   Number         0  entry11a.o ABSOLUTE
    ../clib/microlib/init/entry.s            0x00000000   Number         0  entry12b.o ABSOLUTE
    ../clib/microlib/init/entry.s            0x00000000   Number         0  entry10a.o ABSOLUTE
    ../clib/microlib/init/entry.s            0x00000000   Number         0  entry9b.o ABSOLUTE
    ../clib/microlib/init/entry.s            0x00000000   Number         0  entry2.o ABSOLUTE
    ../clib/microlib/init/entry.s            0x00000000   Number         0  entry8b.o ABSOLUTE
    ../clib/microlib/init/entry.s            0x00000000   Number         0  entry5.o ABSOLUTE
    ../clib/microlib/init/entry.s            0x00000000   Number         0  entry7a.o ABSOLUTE
    ../clib/microlib/init/entry.s            0x00000000   Number         0  entry7b.o ABSOLUTE
    ../clib/microlib/longlong.c              0x00000000   Number         0  llsshr.o ABSOLUTE
    ../clib/microlib/longlong.c              0x00000000   Number         0  llushr.o ABSOLUTE
    ../clib/microlib/longlong.c              0x00000000   Number         0  llshl.o ABSOLUTE
    ../clib/microlib/printf/printf.c         0x00000000   Number         0  printf7.o ABSOLUTE
    ../clib/microlib/printf/printf.c         0x00000000   Number         0  printf8.o ABSOLUTE
    ../clib/microlib/printf/printf.c         0x00000000   Number         0  printfa.o ABSOLUTE
    ../clib/microlib/printf/printf.c         0x00000000   Number         0  printf4.o ABSOLUTE
    ../clib/microlib/printf/printf.c         0x00000000   Number         0  printf5.o ABSOLUTE
    ../clib/microlib/printf/printf.c         0x00000000   Number         0  printf2.o ABSOLUTE
    ../clib/microlib/printf/printf.c         0x00000000   Number         0  printfb.o ABSOLUTE
    ../clib/microlib/printf/printf.c         0x00000000   Number         0  printf0.o ABSOLUTE
    ../clib/microlib/printf/printf.c         0x00000000   Number         0  printf1.o ABSOLUTE
    ../clib/microlib/printf/printf.c         0x00000000   Number         0  printf6.o ABSOLUTE
    ../clib/microlib/printf/printf.c         0x00000000   Number         0  printf3.o ABSOLUTE
    ../clib/microlib/printf/stubs.s          0x00000000   Number         0  stubs.o ABSOLUTE
    ../clib/microlib/stdio/streams.c         0x00000000   Number         0  stdout.o ABSOLUTE
    ../clib/microlib/string/memcpy.c         0x00000000   Number         0  memcpyb.o ABSOLUTE
    ../clib/microlib/string/memcpy.c         0x00000000   Number         0  memcpya.o ABSOLUTE
    ../clib/microlib/string/memset.c         0x00000000   Number         0  memseta.o ABSOLUTE
    ../clib/microlib/string/memset.c         0x00000000   Number         0  memset.o ABSOLUTE
    ../clib/microlib/stubs.s                 0x00000000   Number         0  iusefp.o ABSOLUTE
    ../fplib/microlib/fpadd.c                0x00000000   Number         0  dadd.o ABSOLUTE
    ../fplib/microlib/fpdiv.c                0x00000000   Number         0  ddiv.o ABSOLUTE
    ../fplib/microlib/fpepilogue.c           0x00000000   Number         0  depilogue.o ABSOLUTE
    ../fplib/microlib/fpfix.c                0x00000000   Number         0  dfixul.o ABSOLUTE
    ../fplib/microlib/fpmul.c                0x00000000   Number         0  dmul.o ABSOLUTE
    ..\Firmware\CMSIS\GD\GD32F4xx\Source\ARM\startup_gd32f450_470.s 0x00000000   Number         0  startup_gd32f450_470.o ABSOLUTE
    ..\Firmware\CMSIS\GD\GD32F4xx\Source\system_gd32f4xx.c 0x00000000   Number         0  system_gd32f4xx.o ABSOLUTE
    ..\Firmware\GD32F4xx_standard_peripheral\Source\gd32f4xx_gpio.c 0x00000000   Number         0  gd32f4xx_gpio.o ABSOLUTE
    ..\Firmware\GD32F4xx_standard_peripheral\Source\gd32f4xx_misc.c 0x00000000   Number         0  gd32f4xx_misc.o ABSOLUTE
    ..\Firmware\GD32F4xx_standard_peripheral\Source\gd32f4xx_rcu.c 0x00000000   Number         0  gd32f4xx_rcu.o ABSOLUTE
    ..\Firmware\GD32F4xx_standard_peripheral\Source\gd32f4xx_usart.c 0x00000000   Number         0  gd32f4xx_usart.o ABSOLUTE
    ..\Hardware\led\bsp_led.c                0x00000000   Number         0  bsp_led.o ABSOLUTE
    ..\Hardware\usart\bsp_usart.c            0x00000000   Number         0  bsp_usart.o ABSOLUTE
    ..\User\FreeRTOS\portable\MemMang\heap_4.c 0x00000000   Number         0  heap_4.o ABSOLUTE
    ..\User\FreeRTOS\portable\RVDS\ARM_CM4F\port.c 0x00000000   Number         0  port.o ABSOLUTE
    ..\User\FreeRTOS\src\croutine.c          0x00000000   Number         0  croutine.o ABSOLUTE
    ..\User\FreeRTOS\src\event_groups.c      0x00000000   Number         0  event_groups.o ABSOLUTE
    ..\User\FreeRTOS\src\list.c              0x00000000   Number         0  list.o ABSOLUTE
    ..\User\FreeRTOS\src\queue.c             0x00000000   Number         0  queue.o ABSOLUTE
    ..\User\FreeRTOS\src\stream_buffer.c     0x00000000   Number         0  stream_buffer.o ABSOLUTE
    ..\User\FreeRTOS\src\tasks.c             0x00000000   Number         0  tasks.o ABSOLUTE
    ..\User\FreeRTOS\src\timers.c            0x00000000   Number         0  timers.o ABSOLUTE
    ..\User\delay.c                          0x00000000   Number         0  delay.o ABSOLUTE
    ..\User\gd32f4xx_it.c                    0x00000000   Number         0  gd32f4xx_it.o ABSOLUTE
    ..\User\main.c                           0x00000000   Number         0  main.o ABSOLUTE
    ..\User\my_task.c                        0x00000000   Number         0  my_task.o ABSOLUTE
    ..\User\sys.c                            0x00000000   Number         0  sys.o ABSOLUTE
    ..\User\systick.c                        0x00000000   Number         0  systick.o ABSOLUTE
    ..\\Firmware\\CMSIS\\GD\\GD32F4xx\\Source\\system_gd32f4xx.c 0x00000000   Number         0  system_gd32f4xx.o ABSOLUTE
    ..\\Firmware\\GD32F4xx_standard_peripheral\\Source\\gd32f4xx_gpio.c 0x00000000   Number         0  gd32f4xx_gpio.o ABSOLUTE
    ..\\Firmware\\GD32F4xx_standard_peripheral\\Source\\gd32f4xx_misc.c 0x00000000   Number         0  gd32f4xx_misc.o ABSOLUTE
    ..\\Firmware\\GD32F4xx_standard_peripheral\\Source\\gd32f4xx_rcu.c 0x00000000   Number         0  gd32f4xx_rcu.o ABSOLUTE
    ..\\Firmware\\GD32F4xx_standard_peripheral\\Source\\gd32f4xx_usart.c 0x00000000   Number         0  gd32f4xx_usart.o ABSOLUTE
    ..\\Hardware\\led\\bsp_led.c             0x00000000   Number         0  bsp_led.o ABSOLUTE
    ..\\Hardware\\usart\\bsp_usart.c         0x00000000   Number         0  bsp_usart.o ABSOLUTE
    ..\\User\\FreeRTOS\\portable\\RVDS\\ARM_CM4F\\port.c 0x00000000   Number         0  port.o ABSOLUTE
    ..\\User\\delay.c                        0x00000000   Number         0  delay.o ABSOLUTE
    ..\\User\\gd32f4xx_it.c                  0x00000000   Number         0  gd32f4xx_it.o ABSOLUTE
    ..\\User\\main.c                         0x00000000   Number         0  main.o ABSOLUTE
    ..\\User\\my_task.c                      0x00000000   Number         0  my_task.o ABSOLUTE
    ..\\User\\sys.c                          0x00000000   Number         0  sys.o ABSOLUTE
    ..\\User\\systick.c                      0x00000000   Number         0  systick.o ABSOLUTE
    cdrcmple.s                               0x00000000   Number         0  cdrcmple.o ABSOLUTE
    dc.s                                     0x00000000   Number         0  dc.o ABSOLUTE
    handlers.s                               0x00000000   Number         0  handlers.o ABSOLUTE
    init.s                                   0x00000000   Number         0  init.o ABSOLUTE
    RESET                                    0x08000000   Section      428  startup_gd32f450_470.o(RESET)
    .ARM.Collect$$$$00000000                 0x080001ac   Section        0  entry.o(.ARM.Collect$$$$00000000)
    .ARM.Collect$$$$00000001                 0x080001ac   Section        4  entry2.o(.ARM.Collect$$$$00000001)
    .ARM.Collect$$$$00000004                 0x080001b0   Section        4  entry5.o(.ARM.Collect$$$$00000004)
    .ARM.Collect$$$$00000008                 0x080001b4   Section        0  entry7b.o(.ARM.Collect$$$$00000008)
    .ARM.Collect$$$$0000000A                 0x080001b4   Section        0  entry8b.o(.ARM.Collect$$$$0000000A)
    .ARM.Collect$$$$0000000B                 0x080001b4   Section        8  entry9a.o(.ARM.Collect$$$$0000000B)
    .ARM.Collect$$$$0000000E                 0x080001bc   Section        4  entry12b.o(.ARM.Collect$$$$0000000E)
    .ARM.Collect$$$$0000000F                 0x080001c0   Section        0  entry10a.o(.ARM.Collect$$$$0000000F)
    .ARM.Collect$$$$00000011                 0x080001c0   Section        0  entry11a.o(.ARM.Collect$$$$00000011)
    .ARM.Collect$$$$00002712                 0x080001c0   Section        4  entry2.o(.ARM.Collect$$$$00002712)
    __lit__00000000                          0x080001c0   Data           4  entry2.o(.ARM.Collect$$$$00002712)
    .emb_text                                0x080001c4   Section      190  port.o(.emb_text)
    $v0                                      0x080001c4   Number         0  port.o(.emb_text)
    .text                                    0x08000284   Section       36  startup_gd32f450_470.o(.text)
    $v0                                      0x08000284   Number         0  startup_gd32f450_470.o(.text)
    .text                                    0x080002a8   Section        0  memcpya.o(.text)
    .text                                    0x080002cc   Section        0  memseta.o(.text)
    .text                                    0x080002f0   Section        0  uidiv.o(.text)
    .text                                    0x0800031c   Section       36  init.o(.text)
    i.BusFault_Handler                       0x08000340   Section        0  gd32f4xx_it.o(i.BusFault_Handler)
    i.DebugMon_Handler                       0x08000344   Section        0  gd32f4xx_it.o(i.DebugMon_Handler)
    i.HardFault_Handler                      0x08000346   Section        0  gd32f4xx_it.o(i.HardFault_Handler)
    i.MemManage_Handler                      0x0800034a   Section        0  gd32f4xx_it.o(i.MemManage_Handler)
    i.NMI_Handler                            0x0800034e   Section        0  gd32f4xx_it.o(i.NMI_Handler)
    i.NVIC_SetPriority                       0x08000350   Section        0  systick.o(i.NVIC_SetPriority)
    NVIC_SetPriority                         0x08000351   Thumb Code    32  systick.o(i.NVIC_SetPriority)
    i.SysTick_Handler                        0x08000378   Section        0  delay.o(i.SysTick_Handler)
    i.SystemInit                             0x08000388   Section        0  system_gd32f4xx.o(i.SystemInit)
    i.UsageFault_Handler                     0x08000450   Section        0  gd32f4xx_it.o(i.UsageFault_Handler)
    i.__0printf$1                            0x08000454   Section        0  printf1.o(i.__0printf$1)
    i.__scatterload_copy                     0x08000474   Section       14  handlers.o(i.__scatterload_copy)
    i.__scatterload_null                     0x08000482   Section        2  handlers.o(i.__scatterload_null)
    i.__scatterload_zeroinit                 0x08000484   Section       14  handlers.o(i.__scatterload_zeroinit)
    i._printf_core                           0x08000494   Section        0  printf1.o(i._printf_core)
    _printf_core                             0x08000495   Thumb Code   336  printf1.o(i._printf_core)
    i.delay_init                             0x080005e8   Section        0  delay.o(i.delay_init)
    i.fputc                                  0x0800062c   Section        0  bsp_usart.o(i.fputc)
    i.gpio_af_set                            0x0800063c   Section        0  gd32f4xx_gpio.o(i.gpio_af_set)
    i.gpio_mode_set                          0x0800069a   Section        0  gd32f4xx_gpio.o(i.gpio_mode_set)
    i.gpio_output_options_set                0x080006e8   Section        0  gd32f4xx_gpio.o(i.gpio_output_options_set)
    i.led0_task                              0x0800072c   Section        0  my_task.o(i.led0_task)
    i.led1_task                              0x0800077c   Section        0  my_task.o(i.led1_task)
    i.led_gpio_config                        0x080007c0   Section        0  bsp_led.o(i.led_gpio_config)
    i.main                                   0x080007e8   Section        0  main.o(i.main)
    i.prvAddCurrentTaskToDelayedList         0x0800088c   Section        0  tasks.o(i.prvAddCurrentTaskToDelayedList)
    prvAddCurrentTaskToDelayedList           0x0800088d   Thumb Code   164  tasks.o(i.prvAddCurrentTaskToDelayedList)
    i.prvAddNewTaskToReadyList               0x0800094c   Section        0  tasks.o(i.prvAddNewTaskToReadyList)
    prvAddNewTaskToReadyList                 0x0800094d   Thumb Code   206  tasks.o(i.prvAddNewTaskToReadyList)
    i.prvCheckForValidListAndQueue           0x08000a38   Section        0  timers.o(i.prvCheckForValidListAndQueue)
    prvCheckForValidListAndQueue             0x08000a39   Thumb Code    72  timers.o(i.prvCheckForValidListAndQueue)
    i.prvCheckTasksWaitingTermination        0x08000a9c   Section        0  tasks.o(i.prvCheckTasksWaitingTermination)
    prvCheckTasksWaitingTermination          0x08000a9d   Thumb Code    60  tasks.o(i.prvCheckTasksWaitingTermination)
    i.prvCopyDataFromQueue                   0x08000ae4   Section        0  queue.o(i.prvCopyDataFromQueue)
    prvCopyDataFromQueue                     0x08000ae5   Thumb Code    42  queue.o(i.prvCopyDataFromQueue)
    i.prvDeleteTCB                           0x08000b0e   Section        0  tasks.o(i.prvDeleteTCB)
    prvDeleteTCB                             0x08000b0f   Thumb Code    18  tasks.o(i.prvDeleteTCB)
    i.prvGetNextExpireTime                   0x08000b20   Section        0  timers.o(i.prvGetNextExpireTime)
    prvGetNextExpireTime                     0x08000b21   Thumb Code    36  timers.o(i.prvGetNextExpireTime)
    i.prvHeapInit                            0x08000b48   Section        0  heap_4.o(i.prvHeapInit)
    prvHeapInit                              0x08000b49   Thumb Code    90  heap_4.o(i.prvHeapInit)
    i.prvIdleTask                            0x08000bb8   Section        0  tasks.o(i.prvIdleTask)
    prvIdleTask                              0x08000bb9   Thumb Code    32  tasks.o(i.prvIdleTask)
    i.prvInitialiseNewQueue                  0x08000be0   Section        0  queue.o(i.prvInitialiseNewQueue)
    prvInitialiseNewQueue                    0x08000be1   Thumb Code    42  queue.o(i.prvInitialiseNewQueue)
    i.prvInitialiseNewTask                   0x08000c0a   Section        0  tasks.o(i.prvInitialiseNewTask)
    prvInitialiseNewTask                     0x08000c0b   Thumb Code   204  tasks.o(i.prvInitialiseNewTask)
    i.prvInitialiseTaskLists                 0x08000cd8   Section        0  tasks.o(i.prvInitialiseTaskLists)
    prvInitialiseTaskLists                   0x08000cd9   Thumb Code    70  tasks.o(i.prvInitialiseTaskLists)
    i.prvInsertBlockIntoFreeList             0x08000d40   Section        0  heap_4.o(i.prvInsertBlockIntoFreeList)
    prvInsertBlockIntoFreeList               0x08000d41   Thumb Code    96  heap_4.o(i.prvInsertBlockIntoFreeList)
    i.prvInsertTimerInActiveList             0x08000da8   Section        0  timers.o(i.prvInsertTimerInActiveList)
    prvInsertTimerInActiveList               0x08000da9   Thumb Code    80  timers.o(i.prvInsertTimerInActiveList)
    i.prvIsQueueEmpty                        0x08000e00   Section        0  queue.o(i.prvIsQueueEmpty)
    prvIsQueueEmpty                          0x08000e01   Thumb Code    26  queue.o(i.prvIsQueueEmpty)
    i.prvProcessExpiredTimer                 0x08000e1c   Section        0  timers.o(i.prvProcessExpiredTimer)
    prvProcessExpiredTimer                   0x08000e1d   Thumb Code    62  timers.o(i.prvProcessExpiredTimer)
    i.prvProcessReceivedCommands             0x08000e60   Section        0  timers.o(i.prvProcessReceivedCommands)
    prvProcessReceivedCommands               0x08000e61   Thumb Code   280  timers.o(i.prvProcessReceivedCommands)
    i.prvProcessTimerOrBlockTask             0x08000f7c   Section        0  timers.o(i.prvProcessTimerOrBlockTask)
    prvProcessTimerOrBlockTask               0x08000f7d   Thumb Code   102  timers.o(i.prvProcessTimerOrBlockTask)
    i.prvReloadTimer                         0x08000ff0   Section        0  timers.o(i.prvReloadTimer)
    prvReloadTimer                           0x08000ff1   Thumb Code    40  timers.o(i.prvReloadTimer)
    i.prvResetNextTaskUnblockTime            0x08001018   Section        0  tasks.o(i.prvResetNextTaskUnblockTime)
    prvResetNextTaskUnblockTime              0x08001019   Thumb Code    40  tasks.o(i.prvResetNextTaskUnblockTime)
    i.prvSampleTimeNow                       0x08001048   Section        0  timers.o(i.prvSampleTimeNow)
    prvSampleTimeNow                         0x08001049   Thumb Code    40  timers.o(i.prvSampleTimeNow)
    i.prvSwitchTimerLists                    0x08001074   Section        0  timers.o(i.prvSwitchTimerLists)
    prvSwitchTimerLists                      0x08001075   Thumb Code    58  timers.o(i.prvSwitchTimerLists)
    i.prvTaskExitError                       0x080010b8   Section        0  port.o(i.prvTaskExitError)
    prvTaskExitError                         0x080010b9   Thumb Code    60  port.o(i.prvTaskExitError)
    i.prvTimerTask                           0x080010f8   Section        0  timers.o(i.prvTimerTask)
    prvTimerTask                             0x080010f9   Thumb Code    26  timers.o(i.prvTimerTask)
    i.prvUnlockQueue                         0x08001112   Section        0  queue.o(i.prvUnlockQueue)
    prvUnlockQueue                           0x08001113   Thumb Code   126  queue.o(i.prvUnlockQueue)
    i.pvPortMalloc                           0x08001190   Section        0  heap_4.o(i.pvPortMalloc)
    i.pxPortInitialiseStack                  0x080012bc   Section        0  port.o(i.pxPortInitialiseStack)
    i.rcu_clock_freq_get                     0x080012e8   Section        0  gd32f4xx_rcu.o(i.rcu_clock_freq_get)
    i.rcu_periph_clock_enable                0x0800140c   Section        0  gd32f4xx_rcu.o(i.rcu_periph_clock_enable)
    i.rcu_periph_reset_disable               0x08001430   Section        0  gd32f4xx_rcu.o(i.rcu_periph_reset_disable)
    i.rcu_periph_reset_enable                0x08001454   Section        0  gd32f4xx_rcu.o(i.rcu_periph_reset_enable)
    i.system_clock_200m_25m_hxtal            0x08001478   Section        0  system_gd32f4xx.o(i.system_clock_200m_25m_hxtal)
    system_clock_200m_25m_hxtal              0x08001479   Thumb Code   240  system_gd32f4xx.o(i.system_clock_200m_25m_hxtal)
    i.system_clock_config                    0x08001574   Section        0  system_gd32f4xx.o(i.system_clock_config)
    system_clock_config                      0x08001575   Thumb Code     8  system_gd32f4xx.o(i.system_clock_config)
    i.systick_clksource_set                  0x0800157c   Section        0  gd32f4xx_misc.o(i.systick_clksource_set)
    i.systick_config                         0x080015a4   Section        0  systick.o(i.systick_config)
    i.usart_baudrate_set                     0x080015f4   Section        0  gd32f4xx_usart.o(i.usart_baudrate_set)
    i.usart_data_transmit                    0x080016dc   Section        0  gd32f4xx_usart.o(i.usart_data_transmit)
    i.usart_deinit                           0x080016e4   Section        0  gd32f4xx_usart.o(i.usart_deinit)
    i.usart_enable                           0x080017c0   Section        0  gd32f4xx_usart.o(i.usart_enable)
    i.usart_flag_get                         0x080017ca   Section        0  gd32f4xx_usart.o(i.usart_flag_get)
    i.usart_gpio_config                      0x080017e8   Section        0  bsp_usart.o(i.usart_gpio_config)
    i.usart_parity_config                    0x08001894   Section        0  gd32f4xx_usart.o(i.usart_parity_config)
    i.usart_send_data                        0x080018a4   Section        0  bsp_usart.o(i.usart_send_data)
    i.usart_stop_bit_set                     0x080018c4   Section        0  gd32f4xx_usart.o(i.usart_stop_bit_set)
    i.usart_transmit_config                  0x080018d4   Section        0  gd32f4xx_usart.o(i.usart_transmit_config)
    i.usart_word_length_set                  0x080018e4   Section        0  gd32f4xx_usart.o(i.usart_word_length_set)
    i.uxListRemove                           0x080018f4   Section        0  list.o(i.uxListRemove)
    i.vListInitialise                        0x0800191c   Section        0  list.o(i.vListInitialise)
    i.vListInitialiseItem                    0x08001936   Section        0  list.o(i.vListInitialiseItem)
    i.vListInsert                            0x0800193c   Section        0  list.o(i.vListInsert)
    i.vListInsertEnd                         0x08001970   Section        0  list.o(i.vListInsertEnd)
    i.vPortEnterCritical                     0x08001988   Section        0  port.o(i.vPortEnterCritical)
    i.vPortExitCritical                      0x080019dc   Section        0  port.o(i.vPortExitCritical)
    i.vPortFree                              0x08001a18   Section        0  heap_4.o(i.vPortFree)
    i.vPortSetupTimerInterrupt               0x08001aa4   Section        0  port.o(i.vPortSetupTimerInterrupt)
    i.vQueueAddToRegistry                    0x08001acc   Section        0  queue.o(i.vQueueAddToRegistry)
    i.vQueueWaitForMessageRestricted         0x08001b2c   Section        0  queue.o(i.vQueueWaitForMessageRestricted)
    i.vTaskDelay                             0x08001b78   Section        0  tasks.o(i.vTaskDelay)
    i.vTaskDelete                            0x08001bd4   Section        0  tasks.o(i.vTaskDelete)
    i.vTaskInternalSetTimeOutState           0x08001cd0   Section        0  tasks.o(i.vTaskInternalSetTimeOutState)
    i.vTaskMissedYield                       0x08001ce8   Section        0  tasks.o(i.vTaskMissedYield)
    i.vTaskPlaceOnEventList                  0x08001cf4   Section        0  tasks.o(i.vTaskPlaceOnEventList)
    i.vTaskPlaceOnEventListRestricted        0x08001d2c   Section        0  tasks.o(i.vTaskPlaceOnEventListRestricted)
    i.vTaskStartScheduler                    0x08001d90   Section        0  tasks.o(i.vTaskStartScheduler)
    i.vTaskSuspendAll                        0x08001e2c   Section        0  tasks.o(i.vTaskSuspendAll)
    i.vTaskSwitchContext                     0x08001e3c   Section        0  tasks.o(i.vTaskSwitchContext)
    i.xPortStartScheduler                    0x08001ec8   Section        0  port.o(i.xPortStartScheduler)
    i.xPortSysTickHandler                    0x08002030   Section        0  port.o(i.xPortSysTickHandler)
    i.xQueueGenericCreate                    0x08002064   Section        0  queue.o(i.xQueueGenericCreate)
    i.xQueueGenericReset                     0x080020cc   Section        0  queue.o(i.xQueueGenericReset)
    i.xQueueReceive                          0x080021a8   Section        0  queue.o(i.xQueueReceive)
    i.xTaskCheckForTimeOut                   0x08002310   Section        0  tasks.o(i.xTaskCheckForTimeOut)
    i.xTaskCreate                            0x080023a0   Section        0  tasks.o(i.xTaskCreate)
    i.xTaskGetSchedulerState                 0x08002408   Section        0  tasks.o(i.xTaskGetSchedulerState)
    i.xTaskGetTickCount                      0x08002428   Section        0  tasks.o(i.xTaskGetTickCount)
    i.xTaskIncrementTick                     0x08002434   Section        0  tasks.o(i.xTaskIncrementTick)
    i.xTaskRemoveFromEventList               0x080025f0   Section        0  tasks.o(i.xTaskRemoveFromEventList)
    i.xTaskResumeAll                         0x08002710   Section        0  tasks.o(i.xTaskResumeAll)
    i.xTimerCreateTimerTask                  0x08002888   Section        0  timers.o(i.xTimerCreateTimerTask)
    .data                                    0x20000000   Section        8  delay.o(.data)
    .data                                    0x20000008   Section        4  my_task.o(.data)
    n                                        0x20000008   Data           4  my_task.o(.data)
    .data                                    0x2000000c   Section        4  system_gd32f4xx.o(.data)
    .data                                    0x20000010   Section       64  tasks.o(.data)
    pxDelayedTaskList                        0x20000014   Data           4  tasks.o(.data)
    pxOverflowDelayedTaskList                0x20000018   Data           4  tasks.o(.data)
    uxDeletedTasksWaitingCleanUp             0x2000001c   Data           4  tasks.o(.data)
    uxCurrentNumberOfTasks                   0x20000020   Data           4  tasks.o(.data)
    xTickCount                               0x20000024   Data           4  tasks.o(.data)
    uxTopReadyPriority                       0x20000028   Data           4  tasks.o(.data)
    xSchedulerRunning                        0x2000002c   Data           4  tasks.o(.data)
    xPendedTicks                             0x20000030   Data           4  tasks.o(.data)
    xYieldPending                            0x20000034   Data           4  tasks.o(.data)
    xNumOfOverflows                          0x20000038   Data           4  tasks.o(.data)
    uxTaskNumber                             0x2000003c   Data           4  tasks.o(.data)
    xNextTaskUnblockTime                     0x20000040   Data           4  tasks.o(.data)
    xIdleTaskHandle                          0x20000044   Data           4  tasks.o(.data)
    uxSchedulerSuspended                     0x2000004c   Data           4  tasks.o(.data)
    .data                                    0x20000050   Section       20  timers.o(.data)
    pxCurrentTimerList                       0x20000050   Data           4  timers.o(.data)
    pxOverflowTimerList                      0x20000054   Data           4  timers.o(.data)
    xTimerQueue                              0x20000058   Data           4  timers.o(.data)
    xTimerTaskHandle                         0x2000005c   Data           4  timers.o(.data)
    xLastTime                                0x20000060   Data           4  timers.o(.data)
    .data                                    0x20000064   Section       28  heap_4.o(.data)
    xStart                                   0x20000064   Data           8  heap_4.o(.data)
    pxEnd                                    0x2000006c   Data           4  heap_4.o(.data)
    xFreeBytesRemaining                      0x20000070   Data           4  heap_4.o(.data)
    xMinimumEverFreeBytesRemaining           0x20000074   Data           4  heap_4.o(.data)
    xNumberOfSuccessfulAllocations           0x20000078   Data           4  heap_4.o(.data)
    xNumberOfSuccessfulFrees                 0x2000007c   Data           4  heap_4.o(.data)
    .data                                    0x20000080   Section       12  port.o(.data)
    uxCriticalNesting                        0x20000080   Data           4  port.o(.data)
    ucMaxSysCallPriority                     0x20000084   Data           1  port.o(.data)
    ulMaxPRIGROUPValue                       0x20000088   Data           4  port.o(.data)
    .data                                    0x2000008c   Section        4  stdout.o(.data)
    .bss                                     0x20000090   Section       64  queue.o(.bss)
    .bss                                     0x200000d0   Section      200  tasks.o(.bss)
    pxReadyTasksLists                        0x200000d0   Data         100  tasks.o(.bss)
    xDelayedTaskList1                        0x20000134   Data          20  tasks.o(.bss)
    xDelayedTaskList2                        0x20000148   Data          20  tasks.o(.bss)
    xPendingReadyList                        0x2000015c   Data          20  tasks.o(.bss)
    xTasksWaitingTermination                 0x20000170   Data          20  tasks.o(.bss)
    xSuspendedTaskList                       0x20000184   Data          20  tasks.o(.bss)
    .bss                                     0x20000198   Section       40  timers.o(.bss)
    xActiveTimerList1                        0x20000198   Data          20  timers.o(.bss)
    xActiveTimerList2                        0x200001ac   Data          20  timers.o(.bss)
    .bss                                     0x200001c0   Section    76800  heap_4.o(.bss)
    ucHeap                                   0x200001c0   Data       76800  heap_4.o(.bss)
    STACK                                    0x20012dc0   Section     1024  startup_gd32f450_470.o(STACK)

    Global Symbols

    Symbol Name                              Value     Ov Type        Size  Object(Section)

    BuildAttributes$$THM_ISAv4$E$P$D$K$B$S$7EM$VFPi3$EXTD16$VFPS$VFMA$PE$A:L22UL41UL21$X:L11$S22US41US21$IEEE1$IW$USESV6$~STKCKD$USESV7$~SHL$OSPACE$ROPI$EBA8$MICROLIB$REQ8$PRES8$EABIv2 0x00000000   Number         0  anon$$obj.o ABSOLUTE
    __ARM_use_no_argv                        0x00000000   Number         0  main.o ABSOLUTE
    _printf_a                                0x00000000   Number         0  stubs.o ABSOLUTE
    _printf_c                                0x00000000   Number         0  stubs.o ABSOLUTE
    _printf_charcount                        0x00000000   Number         0  stubs.o ABSOLUTE
    _printf_d                                0x00000000   Number         0  stubs.o ABSOLUTE
    _printf_e                                0x00000000   Number         0  stubs.o ABSOLUTE
    _printf_f                                0x00000000   Number         0  stubs.o ABSOLUTE
    _printf_flags                            0x00000000   Number         0  stubs.o ABSOLUTE
    _printf_fp_dec                           0x00000000   Number         0  stubs.o ABSOLUTE
    _printf_fp_hex                           0x00000000   Number         0  stubs.o ABSOLUTE
    _printf_g                                0x00000000   Number         0  stubs.o ABSOLUTE
    _printf_i                                0x00000000   Number         0  stubs.o ABSOLUTE
    _printf_int_dec                          0x00000000   Number         0  stubs.o ABSOLUTE
    _printf_l                                0x00000000   Number         0  stubs.o ABSOLUTE
    _printf_lc                               0x00000000   Number         0  stubs.o ABSOLUTE
    _printf_ll                               0x00000000   Number         0  stubs.o ABSOLUTE
    _printf_lld                              0x00000000   Number         0  stubs.o ABSOLUTE
    _printf_lli                              0x00000000   Number         0  stubs.o ABSOLUTE
    _printf_llo                              0x00000000   Number         0  stubs.o ABSOLUTE
    _printf_llu                              0x00000000   Number         0  stubs.o ABSOLUTE
    _printf_llx                              0x00000000   Number         0  stubs.o ABSOLUTE
    _printf_longlong_dec                     0x00000000   Number         0  stubs.o ABSOLUTE
    _printf_longlong_hex                     0x00000000   Number         0  stubs.o ABSOLUTE
    _printf_longlong_oct                     0x00000000   Number         0  stubs.o ABSOLUTE
    _printf_ls                               0x00000000   Number         0  stubs.o ABSOLUTE
    _printf_mbtowc                           0x00000000   Number         0  stubs.o ABSOLUTE
    _printf_n                                0x00000000   Number         0  stubs.o ABSOLUTE
    _printf_o                                0x00000000   Number         0  stubs.o ABSOLUTE
    _printf_p                                0x00000000   Number         0  stubs.o ABSOLUTE
    _printf_percent                          0x00000000   Number         0  stubs.o ABSOLUTE
    _printf_pre_padding                      0x00000000   Number         0  stubs.o ABSOLUTE
    _printf_return_value                     0x00000000   Number         0  stubs.o ABSOLUTE
    _printf_s                                0x00000000   Number         0  stubs.o ABSOLUTE
    _printf_sizespec                         0x00000000   Number         0  stubs.o ABSOLUTE
    _printf_str                              0x00000000   Number         0  stubs.o ABSOLUTE
    _printf_truncate_signed                  0x00000000   Number         0  stubs.o ABSOLUTE
    _printf_truncate_unsigned                0x00000000   Number         0  stubs.o ABSOLUTE
    _printf_u                                0x00000000   Number         0  stubs.o ABSOLUTE
    _printf_wc                               0x00000000   Number         0  stubs.o ABSOLUTE
    _printf_wctomb                           0x00000000   Number         0  stubs.o ABSOLUTE
    _printf_widthprec                        0x00000000   Number         0  stubs.o ABSOLUTE
    _printf_x                                0x00000000   Number         0  stubs.o ABSOLUTE
    __arm_fini_                               - Undefined Weak Reference
    __cpp_initialize__aeabi_                  - Undefined Weak Reference
    __cxa_finalize                            - Undefined Weak Reference
    __decompress                              - Undefined Weak Reference
    _clock_init                               - Undefined Weak Reference
    _microlib_exit                            - Undefined Weak Reference
    __Vectors_Size                           0x000001ac   Number         0  startup_gd32f450_470.o ABSOLUTE
    __Vectors                                0x08000000   Data           4  startup_gd32f450_470.o(RESET)
    __Vectors_End                            0x080001ac   Data           0  startup_gd32f450_470.o(RESET)
    __main                                   0x080001ad   Thumb Code     0  entry.o(.ARM.Collect$$$$00000000)
    _main_stk                                0x080001ad   Thumb Code     0  entry2.o(.ARM.Collect$$$$00000001)
    _main_scatterload                        0x080001b1   Thumb Code     0  entry5.o(.ARM.Collect$$$$00000004)
    __main_after_scatterload                 0x080001b5   Thumb Code     0  entry5.o(.ARM.Collect$$$$00000004)
    _main_clock                              0x080001b5   Thumb Code     0  entry7b.o(.ARM.Collect$$$$00000008)
    _main_cpp_init                           0x080001b5   Thumb Code     0  entry8b.o(.ARM.Collect$$$$0000000A)
    _main_init                               0x080001b5   Thumb Code     0  entry9a.o(.ARM.Collect$$$$0000000B)
    __rt_lib_shutdown_fini                   0x080001bd   Thumb Code     0  entry12b.o(.ARM.Collect$$$$0000000E)
    __rt_final_cpp                           0x080001c1   Thumb Code     0  entry10a.o(.ARM.Collect$$$$0000000F)
    __rt_final_exit                          0x080001c1   Thumb Code     0  entry11a.o(.ARM.Collect$$$$00000011)
    SVC_Handler                              0x080001c5   Thumb Code    28  port.o(.emb_text)
    __asm___6_port_c_39a90d8d__prvStartFirstTask 0x080001e5   Thumb Code    36  port.o(.emb_text)
    __asm___6_port_c_39a90d8d__prvEnableVFP  0x0800020d   Thumb Code    16  port.o(.emb_text)
    PendSV_Handler                           0x08000221   Thumb Code    88  port.o(.emb_text)
    vPortGetIPSR                             0x0800027d   Thumb Code     6  port.o(.emb_text)
    Reset_Handler                            0x08000285   Thumb Code     8  startup_gd32f450_470.o(.text)
    ADC_IRQHandler                           0x0800029f   Thumb Code     0  startup_gd32f450_470.o(.text)
    CAN0_EWMC_IRQHandler                     0x0800029f   Thumb Code     0  startup_gd32f450_470.o(.text)
    CAN0_RX0_IRQHandler                      0x0800029f   Thumb Code     0  startup_gd32f450_470.o(.text)
    CAN0_RX1_IRQHandler                      0x0800029f   Thumb Code     0  startup_gd32f450_470.o(.text)
    CAN0_TX_IRQHandler                       0x0800029f   Thumb Code     0  startup_gd32f450_470.o(.text)
    CAN1_EWMC_IRQHandler                     0x0800029f   Thumb Code     0  startup_gd32f450_470.o(.text)
    CAN1_RX0_IRQHandler                      0x0800029f   Thumb Code     0  startup_gd32f450_470.o(.text)
    CAN1_RX1_IRQHandler                      0x0800029f   Thumb Code     0  startup_gd32f450_470.o(.text)
    CAN1_TX_IRQHandler                       0x0800029f   Thumb Code     0  startup_gd32f450_470.o(.text)
    DCI_IRQHandler                           0x0800029f   Thumb Code     0  startup_gd32f450_470.o(.text)
    DMA0_Channel0_IRQHandler                 0x0800029f   Thumb Code     0  startup_gd32f450_470.o(.text)
    DMA0_Channel1_IRQHandler                 0x0800029f   Thumb Code     0  startup_gd32f450_470.o(.text)
    DMA0_Channel2_IRQHandler                 0x0800029f   Thumb Code     0  startup_gd32f450_470.o(.text)
    DMA0_Channel3_IRQHandler                 0x0800029f   Thumb Code     0  startup_gd32f450_470.o(.text)
    DMA0_Channel4_IRQHandler                 0x0800029f   Thumb Code     0  startup_gd32f450_470.o(.text)
    DMA0_Channel5_IRQHandler                 0x0800029f   Thumb Code     0  startup_gd32f450_470.o(.text)
    DMA0_Channel6_IRQHandler                 0x0800029f   Thumb Code     0  startup_gd32f450_470.o(.text)
    DMA0_Channel7_IRQHandler                 0x0800029f   Thumb Code     0  startup_gd32f450_470.o(.text)
    DMA1_Channel0_IRQHandler                 0x0800029f   Thumb Code     0  startup_gd32f450_470.o(.text)
    DMA1_Channel1_IRQHandler                 0x0800029f   Thumb Code     0  startup_gd32f450_470.o(.text)
    DMA1_Channel2_IRQHandler                 0x0800029f   Thumb Code     0  startup_gd32f450_470.o(.text)
    DMA1_Channel3_IRQHandler                 0x0800029f   Thumb Code     0  startup_gd32f450_470.o(.text)
    DMA1_Channel4_IRQHandler                 0x0800029f   Thumb Code     0  startup_gd32f450_470.o(.text)
    DMA1_Channel5_IRQHandler                 0x0800029f   Thumb Code     0  startup_gd32f450_470.o(.text)
    DMA1_Channel6_IRQHandler                 0x0800029f   Thumb Code     0  startup_gd32f450_470.o(.text)
    DMA1_Channel7_IRQHandler                 0x0800029f   Thumb Code     0  startup_gd32f450_470.o(.text)
    ENET_IRQHandler                          0x0800029f   Thumb Code     0  startup_gd32f450_470.o(.text)
    ENET_WKUP_IRQHandler                     0x0800029f   Thumb Code     0  startup_gd32f450_470.o(.text)
    EXMC_IRQHandler                          0x0800029f   Thumb Code     0  startup_gd32f450_470.o(.text)
    EXTI0_IRQHandler                         0x0800029f   Thumb Code     0  startup_gd32f450_470.o(.text)
    EXTI10_15_IRQHandler                     0x0800029f   Thumb Code     0  startup_gd32f450_470.o(.text)
    EXTI1_IRQHandler                         0x0800029f   Thumb Code     0  startup_gd32f450_470.o(.text)
    EXTI2_IRQHandler                         0x0800029f   Thumb Code     0  startup_gd32f450_470.o(.text)
    EXTI3_IRQHandler                         0x0800029f   Thumb Code     0  startup_gd32f450_470.o(.text)
    EXTI4_IRQHandler                         0x0800029f   Thumb Code     0  startup_gd32f450_470.o(.text)
    EXTI5_9_IRQHandler                       0x0800029f   Thumb Code     0  startup_gd32f450_470.o(.text)
    FMC_IRQHandler                           0x0800029f   Thumb Code     0  startup_gd32f450_470.o(.text)
    FPU_IRQHandler                           0x0800029f   Thumb Code     0  startup_gd32f450_470.o(.text)
    I2C0_ER_IRQHandler                       0x0800029f   Thumb Code     0  startup_gd32f450_470.o(.text)
    I2C0_EV_IRQHandler                       0x0800029f   Thumb Code     0  startup_gd32f450_470.o(.text)
    I2C1_ER_IRQHandler                       0x0800029f   Thumb Code     0  startup_gd32f450_470.o(.text)
    I2C1_EV_IRQHandler                       0x0800029f   Thumb Code     0  startup_gd32f450_470.o(.text)
    I2C2_ER_IRQHandler                       0x0800029f   Thumb Code     0  startup_gd32f450_470.o(.text)
    I2C2_EV_IRQHandler                       0x0800029f   Thumb Code     0  startup_gd32f450_470.o(.text)
    IPA_IRQHandler                           0x0800029f   Thumb Code     0  startup_gd32f450_470.o(.text)
    LVD_IRQHandler                           0x0800029f   Thumb Code     0  startup_gd32f450_470.o(.text)
    RCU_CTC_IRQHandler                       0x0800029f   Thumb Code     0  startup_gd32f450_470.o(.text)
    RTC_Alarm_IRQHandler                     0x0800029f   Thumb Code     0  startup_gd32f450_470.o(.text)
    RTC_WKUP_IRQHandler                      0x0800029f   Thumb Code     0  startup_gd32f450_470.o(.text)
    SDIO_IRQHandler                          0x0800029f   Thumb Code     0  startup_gd32f450_470.o(.text)
    SPI0_IRQHandler                          0x0800029f   Thumb Code     0  startup_gd32f450_470.o(.text)
    SPI1_IRQHandler                          0x0800029f   Thumb Code     0  startup_gd32f450_470.o(.text)
    SPI2_IRQHandler                          0x0800029f   Thumb Code     0  startup_gd32f450_470.o(.text)
    SPI3_IRQHandler                          0x0800029f   Thumb Code     0  startup_gd32f450_470.o(.text)
    SPI4_IRQHandler                          0x0800029f   Thumb Code     0  startup_gd32f450_470.o(.text)
    SPI5_IRQHandler                          0x0800029f   Thumb Code     0  startup_gd32f450_470.o(.text)
    TAMPER_STAMP_IRQHandler                  0x0800029f   Thumb Code     0  startup_gd32f450_470.o(.text)
    TIMER0_BRK_TIMER8_IRQHandler             0x0800029f   Thumb Code     0  startup_gd32f450_470.o(.text)
    TIMER0_Channel_IRQHandler                0x0800029f   Thumb Code     0  startup_gd32f450_470.o(.text)
    TIMER0_TRG_CMT_TIMER10_IRQHandler        0x0800029f   Thumb Code     0  startup_gd32f450_470.o(.text)
    TIMER0_UP_TIMER9_IRQHandler              0x0800029f   Thumb Code     0  startup_gd32f450_470.o(.text)
    TIMER1_IRQHandler                        0x0800029f   Thumb Code     0  startup_gd32f450_470.o(.text)
    TIMER2_IRQHandler                        0x0800029f   Thumb Code     0  startup_gd32f450_470.o(.text)
    TIMER3_IRQHandler                        0x0800029f   Thumb Code     0  startup_gd32f450_470.o(.text)
    TIMER4_IRQHandler                        0x0800029f   Thumb Code     0  startup_gd32f450_470.o(.text)
    TIMER5_DAC_IRQHandler                    0x0800029f   Thumb Code     0  startup_gd32f450_470.o(.text)
    TIMER6_IRQHandler                        0x0800029f   Thumb Code     0  startup_gd32f450_470.o(.text)
    TIMER7_BRK_TIMER11_IRQHandler            0x0800029f   Thumb Code     0  startup_gd32f450_470.o(.text)
    TIMER7_Channel_IRQHandler                0x0800029f   Thumb Code     0  startup_gd32f450_470.o(.text)
    TIMER7_TRG_CMT_TIMER13_IRQHandler        0x0800029f   Thumb Code     0  startup_gd32f450_470.o(.text)
    TIMER7_UP_TIMER12_IRQHandler             0x0800029f   Thumb Code     0  startup_gd32f450_470.o(.text)
    TLI_ER_IRQHandler                        0x0800029f   Thumb Code     0  startup_gd32f450_470.o(.text)
    TLI_IRQHandler                           0x0800029f   Thumb Code     0  startup_gd32f450_470.o(.text)
    TRNG_IRQHandler                          0x0800029f   Thumb Code     0  startup_gd32f450_470.o(.text)
    UART3_IRQHandler                         0x0800029f   Thumb Code     0  startup_gd32f450_470.o(.text)
    UART4_IRQHandler                         0x0800029f   Thumb Code     0  startup_gd32f450_470.o(.text)
    UART6_IRQHandler                         0x0800029f   Thumb Code     0  startup_gd32f450_470.o(.text)
    UART7_IRQHandler                         0x0800029f   Thumb Code     0  startup_gd32f450_470.o(.text)
    USART0_IRQHandler                        0x0800029f   Thumb Code     0  startup_gd32f450_470.o(.text)
    USART1_IRQHandler                        0x0800029f   Thumb Code     0  startup_gd32f450_470.o(.text)
    USART2_IRQHandler                        0x0800029f   Thumb Code     0  startup_gd32f450_470.o(.text)
    USART5_IRQHandler                        0x0800029f   Thumb Code     0  startup_gd32f450_470.o(.text)
    USBFS_IRQHandler                         0x0800029f   Thumb Code     0  startup_gd32f450_470.o(.text)
    USBFS_WKUP_IRQHandler                    0x0800029f   Thumb Code     0  startup_gd32f450_470.o(.text)
    USBHS_EP1_In_IRQHandler                  0x0800029f   Thumb Code     0  startup_gd32f450_470.o(.text)
    USBHS_EP1_Out_IRQHandler                 0x0800029f   Thumb Code     0  startup_gd32f450_470.o(.text)
    USBHS_IRQHandler                         0x0800029f   Thumb Code     0  startup_gd32f450_470.o(.text)
    USBHS_WKUP_IRQHandler                    0x0800029f   Thumb Code     0  startup_gd32f450_470.o(.text)
    WWDGT_IRQHandler                         0x0800029f   Thumb Code     0  startup_gd32f450_470.o(.text)
    __aeabi_memcpy                           0x080002a9   Thumb Code    36  memcpya.o(.text)
    __aeabi_memcpy4                          0x080002a9   Thumb Code     0  memcpya.o(.text)
    __aeabi_memcpy8                          0x080002a9   Thumb Code     0  memcpya.o(.text)
    __aeabi_memset                           0x080002cd   Thumb Code    14  memseta.o(.text)
    __aeabi_memset4                          0x080002cd   Thumb Code     0  memseta.o(.text)
    __aeabi_memset8                          0x080002cd   Thumb Code     0  memseta.o(.text)
    __aeabi_memclr                           0x080002db   Thumb Code     4  memseta.o(.text)
    __aeabi_memclr4                          0x080002db   Thumb Code     0  memseta.o(.text)
    __aeabi_memclr8                          0x080002db   Thumb Code     0  memseta.o(.text)
    memset                                   0x080002df   Thumb Code    18  memseta.o(.text)
    __aeabi_uidiv                            0x080002f1   Thumb Code     0  uidiv.o(.text)
    __aeabi_uidivmod                         0x080002f1   Thumb Code    44  uidiv.o(.text)
    __scatterload                            0x0800031d   Thumb Code    28  init.o(.text)
    __scatterload_rt2                        0x0800031d   Thumb Code     0  init.o(.text)
    BusFault_Handler                         0x08000341   Thumb Code     4  gd32f4xx_it.o(i.BusFault_Handler)
    DebugMon_Handler                         0x08000345   Thumb Code     2  gd32f4xx_it.o(i.DebugMon_Handler)
    HardFault_Handler                        0x08000347   Thumb Code     4  gd32f4xx_it.o(i.HardFault_Handler)
    MemManage_Handler                        0x0800034b   Thumb Code     4  gd32f4xx_it.o(i.MemManage_Handler)
    NMI_Handler                              0x0800034f   Thumb Code     2  gd32f4xx_it.o(i.NMI_Handler)
    SysTick_Handler                          0x08000379   Thumb Code    16  delay.o(i.SysTick_Handler)
    SystemInit                               0x08000389   Thumb Code   184  system_gd32f4xx.o(i.SystemInit)
    UsageFault_Handler                       0x08000451   Thumb Code     4  gd32f4xx_it.o(i.UsageFault_Handler)
    __0printf$1                              0x08000455   Thumb Code    22  printf1.o(i.__0printf$1)
    __1printf$1                              0x08000455   Thumb Code     0  printf1.o(i.__0printf$1)
    __2printf                                0x08000455   Thumb Code     0  printf1.o(i.__0printf$1)
    __scatterload_copy                       0x08000475   Thumb Code    14  handlers.o(i.__scatterload_copy)
    __scatterload_null                       0x08000483   Thumb Code     2  handlers.o(i.__scatterload_null)
    __scatterload_zeroinit                   0x08000485   Thumb Code    14  handlers.o(i.__scatterload_zeroinit)
    delay_init                               0x080005e9   Thumb Code    58  delay.o(i.delay_init)
    fputc                                    0x0800062d   Thumb Code    16  bsp_usart.o(i.fputc)
    gpio_af_set                              0x0800063d   Thumb Code    94  gd32f4xx_gpio.o(i.gpio_af_set)
    gpio_mode_set                            0x0800069b   Thumb Code    78  gd32f4xx_gpio.o(i.gpio_mode_set)
    gpio_output_options_set                  0x080006e9   Thumb Code    66  gd32f4xx_gpio.o(i.gpio_output_options_set)
    led0_task                                0x0800072d   Thumb Code    44  my_task.o(i.led0_task)
    led1_task                                0x0800077d   Thumb Code    36  my_task.o(i.led1_task)
    led_gpio_config                          0x080007c1   Thumb Code    36  bsp_led.o(i.led_gpio_config)
    main                                     0x080007e9   Thumb Code   112  main.o(i.main)
    pvPortMalloc                             0x08001191   Thumb Code   280  heap_4.o(i.pvPortMalloc)
    pxPortInitialiseStack                    0x080012bd   Thumb Code    38  port.o(i.pxPortInitialiseStack)
    rcu_clock_freq_get                       0x080012e9   Thumb Code   264  gd32f4xx_rcu.o(i.rcu_clock_freq_get)
    rcu_periph_clock_enable                  0x0800140d   Thumb Code    32  gd32f4xx_rcu.o(i.rcu_periph_clock_enable)
    rcu_periph_reset_disable                 0x08001431   Thumb Code    32  gd32f4xx_rcu.o(i.rcu_periph_reset_disable)
    rcu_periph_reset_enable                  0x08001455   Thumb Code    32  gd32f4xx_rcu.o(i.rcu_periph_reset_enable)
    systick_clksource_set                    0x0800157d   Thumb Code    40  gd32f4xx_misc.o(i.systick_clksource_set)
    systick_config                           0x080015a5   Thumb Code    74  systick.o(i.systick_config)
    usart_baudrate_set                       0x080015f5   Thumb Code   224  gd32f4xx_usart.o(i.usart_baudrate_set)
    usart_data_transmit                      0x080016dd   Thumb Code     8  gd32f4xx_usart.o(i.usart_data_transmit)
    usart_deinit                             0x080016e5   Thumb Code   210  gd32f4xx_usart.o(i.usart_deinit)
    usart_enable                             0x080017c1   Thumb Code    10  gd32f4xx_usart.o(i.usart_enable)
    usart_flag_get                           0x080017cb   Thumb Code    30  gd32f4xx_usart.o(i.usart_flag_get)
    usart_gpio_config                        0x080017e9   Thumb Code   162  bsp_usart.o(i.usart_gpio_config)
    usart_parity_config                      0x08001895   Thumb Code    16  gd32f4xx_usart.o(i.usart_parity_config)
    usart_send_data                          0x080018a5   Thumb Code    28  bsp_usart.o(i.usart_send_data)
    usart_stop_bit_set                       0x080018c5   Thumb Code    16  gd32f4xx_usart.o(i.usart_stop_bit_set)
    usart_transmit_config                    0x080018d5   Thumb Code    16  gd32f4xx_usart.o(i.usart_transmit_config)
    usart_word_length_set                    0x080018e5   Thumb Code    16  gd32f4xx_usart.o(i.usart_word_length_set)
    uxListRemove                             0x080018f5   Thumb Code    40  list.o(i.uxListRemove)
    vListInitialise                          0x0800191d   Thumb Code    26  list.o(i.vListInitialise)
    vListInitialiseItem                      0x08001937   Thumb Code     6  list.o(i.vListInitialiseItem)
    vListInsert                              0x0800193d   Thumb Code    52  list.o(i.vListInsert)
    vListInsertEnd                           0x08001971   Thumb Code    24  list.o(i.vListInsertEnd)
    vPortEnterCritical                       0x08001989   Thumb Code    76  port.o(i.vPortEnterCritical)
    vPortExitCritical                        0x080019dd   Thumb Code    56  port.o(i.vPortExitCritical)
    vPortFree                                0x08001a19   Thumb Code   132  heap_4.o(i.vPortFree)
    vPortSetupTimerInterrupt                 0x08001aa5   Thumb Code    36  port.o(i.vPortSetupTimerInterrupt)
    vQueueAddToRegistry                      0x08001acd   Thumb Code    90  queue.o(i.vQueueAddToRegistry)
    vQueueWaitForMessageRestricted           0x08001b2d   Thumb Code    74  queue.o(i.vQueueWaitForMessageRestricted)
    vTaskDelay                               0x08001b79   Thumb Code    82  tasks.o(i.vTaskDelay)
    vTaskDelete                              0x08001bd5   Thumb Code   210  tasks.o(i.vTaskDelete)
    vTaskInternalSetTimeOutState             0x08001cd1   Thumb Code    14  tasks.o(i.vTaskInternalSetTimeOutState)
    vTaskMissedYield                         0x08001ce9   Thumb Code     8  tasks.o(i.vTaskMissedYield)
    vTaskPlaceOnEventList                    0x08001cf5   Thumb Code    52  tasks.o(i.vTaskPlaceOnEventList)
    vTaskPlaceOnEventListRestricted          0x08001d2d   Thumb Code    94  tasks.o(i.vTaskPlaceOnEventListRestricted)
    vTaskStartScheduler                      0x08001d91   Thumb Code   122  tasks.o(i.vTaskStartScheduler)
    vTaskSuspendAll                          0x08001e2d   Thumb Code    12  tasks.o(i.vTaskSuspendAll)
    vTaskSwitchContext                       0x08001e3d   Thumb Code   118  tasks.o(i.vTaskSwitchContext)
    xPortStartScheduler                      0x08001ec9   Thumb Code   330  port.o(i.xPortStartScheduler)
    xPortSysTickHandler                      0x08002031   Thumb Code    46  port.o(i.xPortSysTickHandler)
    xQueueGenericCreate                      0x08002065   Thumb Code   102  queue.o(i.xQueueGenericCreate)
    xQueueGenericReset                       0x080020cd   Thumb Code   214  queue.o(i.xQueueGenericReset)
    xQueueReceive                            0x080021a9   Thumb Code   356  queue.o(i.xQueueReceive)
    xTaskCheckForTimeOut                     0x08002311   Thumb Code   136  tasks.o(i.xTaskCheckForTimeOut)
    xTaskCreate                              0x080023a1   Thumb Code   104  tasks.o(i.xTaskCreate)
    xTaskGetSchedulerState                   0x08002409   Thumb Code    24  tasks.o(i.xTaskGetSchedulerState)
    xTaskGetTickCount                        0x08002429   Thumb Code     6  tasks.o(i.xTaskGetTickCount)
    xTaskIncrementTick                       0x08002435   Thumb Code   398  tasks.o(i.xTaskIncrementTick)
    xTaskRemoveFromEventList                 0x080025f1   Thumb Code   264  tasks.o(i.xTaskRemoveFromEventList)
    xTaskResumeAll                           0x08002711   Thumb Code   338  tasks.o(i.xTaskResumeAll)
    xTimerCreateTimerTask                    0x08002889   Thumb Code    66  timers.o(i.xTimerCreateTimerTask)
    Region$$Table$$Base                      0x080028e0   Number         0  anon$$obj.o(Region$$Table)
    Region$$Table$$Limit                     0x08002900   Number         0  anon$$obj.o(Region$$Table)
    fac_us                                   0x20000000   Data           1  delay.o(.data)
    fac_ms                                   0x20000004   Data           4  delay.o(.data)
    SystemCoreClock                          0x2000000c   Data           4  system_gd32f4xx.o(.data)
    pxCurrentTCB                             0x20000010   Data           4  tasks.o(.data)
    uxTopUsedPriority                        0x20000048   Data           4  tasks.o(.data)
    __stdout                                 0x2000008c   Data           4  stdout.o(.data)
    xQueueRegistry                           0x20000090   Data          64  queue.o(.bss)
    __initial_sp                             0x200131c0   Data           0  startup_gd32f450_470.o(STACK)



==============================================================================

Memory Map of the image

  Image Entry point : 0x080001ad

  Load Region LR_IROM1 (Base: 0x08000000, Size: 0x00002990, Max: 0x00100000, ABSOLUTE)

    Execution Region ER_IROM1 (Exec base: 0x08000000, Load base: 0x08000000, Size: 0x00002900, Max: 0x00100000, ABSOLUTE)

    Exec Addr    Load Addr    Size         Type   Attr      Idx    E Section Name        Object

    0x08000000   0x08000000   0x000001ac   Data   RO          426    RESET               startup_gd32f450_470.o
    0x080001ac   0x080001ac   0x00000000   Code   RO         2514  * .ARM.Collect$$$$00000000  mc_w.l(entry.o)
    0x080001ac   0x080001ac   0x00000004   Code   RO         2786    .ARM.Collect$$$$00000001  mc_w.l(entry2.o)
    0x080001b0   0x080001b0   0x00000004   Code   RO         2789    .ARM.Collect$$$$00000004  mc_w.l(entry5.o)
    0x080001b4   0x080001b4   0x00000000   Code   RO         2791    .ARM.Collect$$$$00000008  mc_w.l(entry7b.o)
    0x080001b4   0x080001b4   0x00000000   Code   RO         2793    .ARM.Collect$$$$0000000A  mc_w.l(entry8b.o)
    0x080001b4   0x080001b4   0x00000008   Code   RO         2794    .ARM.Collect$$$$0000000B  mc_w.l(entry9a.o)
    0x080001bc   0x080001bc   0x00000004   Code   RO         2801    .ARM.Collect$$$$0000000E  mc_w.l(entry12b.o)
    0x080001c0   0x080001c0   0x00000000   Code   RO         2796    .ARM.Collect$$$$0000000F  mc_w.l(entry10a.o)
    0x080001c0   0x080001c0   0x00000000   Code   RO         2798    .ARM.Collect$$$$00000011  mc_w.l(entry11a.o)
    0x080001c0   0x080001c0   0x00000004   Code   RO         2787    .ARM.Collect$$$$00002712  mc_w.l(entry2.o)
    0x080001c4   0x080001c4   0x000000be   Code   RO         2437    .emb_text           port.o
    0x08000282   0x08000282   0x00000002   PAD
    0x08000284   0x08000284   0x00000024   Code   RO          427    .text               startup_gd32f450_470.o
    0x080002a8   0x080002a8   0x00000024   Code   RO         2517    .text               mc_w.l(memcpya.o)
    0x080002cc   0x080002cc   0x00000024   Code   RO         2521    .text               mc_w.l(memseta.o)
    0x080002f0   0x080002f0   0x0000002c   Code   RO         2803    .text               mc_w.l(uidiv.o)
    0x0800031c   0x0800031c   0x00000024   Code   RO         2818    .text               mc_w.l(init.o)
    0x08000340   0x08000340   0x00000004   Code   RO          243    i.BusFault_Handler  gd32f4xx_it.o
    0x08000344   0x08000344   0x00000002   Code   RO          244    i.DebugMon_Handler  gd32f4xx_it.o
    0x08000346   0x08000346   0x00000004   Code   RO          245    i.HardFault_Handler  gd32f4xx_it.o
    0x0800034a   0x0800034a   0x00000004   Code   RO          246    i.MemManage_Handler  gd32f4xx_it.o
    0x0800034e   0x0800034e   0x00000002   Code   RO          247    i.NMI_Handler       gd32f4xx_it.o
    0x08000350   0x08000350   0x00000028   Code   RO            3    i.NVIC_SetPriority  systick.o
    0x08000378   0x08000378   0x00000010   Code   RO          310    i.SysTick_Handler   delay.o
    0x08000388   0x08000388   0x000000c8   Code   RO          385    i.SystemInit        system_gd32f4xx.o
    0x08000450   0x08000450   0x00000004   Code   RO          248    i.UsageFault_Handler  gd32f4xx_it.o
    0x08000454   0x08000454   0x00000020   Code   RO         2570    i.__0printf$1       mc_w.l(printf1.o)
    0x08000474   0x08000474   0x0000000e   Code   RO         2830    i.__scatterload_copy  mc_w.l(handlers.o)
    0x08000482   0x08000482   0x00000002   Code   RO         2831    i.__scatterload_null  mc_w.l(handlers.o)
    0x08000484   0x08000484   0x0000000e   Code   RO         2832    i.__scatterload_zeroinit  mc_w.l(handlers.o)
    0x08000492   0x08000492   0x00000002   PAD
    0x08000494   0x08000494   0x00000154   Code   RO         2577    i._printf_core      mc_w.l(printf1.o)
    0x080005e8   0x080005e8   0x00000044   Code   RO          311    i.delay_init        delay.o
    0x0800062c   0x0800062c   0x00000010   Code   RO          453    i.fputc             bsp_usart.o
    0x0800063c   0x0800063c   0x0000005e   Code   RO          491    i.gpio_af_set       gd32f4xx_gpio.o
    0x0800069a   0x0800069a   0x0000004e   Code   RO          499    i.gpio_mode_set     gd32f4xx_gpio.o
    0x080006e8   0x080006e8   0x00000042   Code   RO          501    i.gpio_output_options_set  gd32f4xx_gpio.o
    0x0800072a   0x0800072a   0x00000002   PAD
    0x0800072c   0x0800072c   0x00000050   Code   RO          357    i.led0_task         my_task.o
    0x0800077c   0x0800077c   0x00000044   Code   RO          358    i.led1_task         my_task.o
    0x080007c0   0x080007c0   0x00000028   Code   RO          433    i.led_gpio_config   bsp_led.o
    0x080007e8   0x080007e8   0x000000a4   Code   RO          164    i.main              main.o
    0x0800088c   0x0800088c   0x000000c0   Code   RO         1841    i.prvAddCurrentTaskToDelayedList  tasks.o
    0x0800094c   0x0800094c   0x000000ec   Code   RO         1842    i.prvAddNewTaskToReadyList  tasks.o
    0x08000a38   0x08000a38   0x00000064   Code   RO         2205    i.prvCheckForValidListAndQueue  timers.o
    0x08000a9c   0x08000a9c   0x00000048   Code   RO         1843    i.prvCheckTasksWaitingTermination  tasks.o
    0x08000ae4   0x08000ae4   0x0000002a   Code   RO         1464    i.prvCopyDataFromQueue  queue.o
    0x08000b0e   0x08000b0e   0x00000012   Code   RO         1844    i.prvDeleteTCB      tasks.o
    0x08000b20   0x08000b20   0x00000028   Code   RO         2206    i.prvGetNextExpireTime  timers.o
    0x08000b48   0x08000b48   0x00000070   Code   RO         2376    i.prvHeapInit       heap_4.o
    0x08000bb8   0x08000bb8   0x00000028   Code   RO         1845    i.prvIdleTask       tasks.o
    0x08000be0   0x08000be0   0x0000002a   Code   RO         1468    i.prvInitialiseNewQueue  queue.o
    0x08000c0a   0x08000c0a   0x000000cc   Code   RO         1846    i.prvInitialiseNewTask  tasks.o
    0x08000cd6   0x08000cd6   0x00000002   PAD
    0x08000cd8   0x08000cd8   0x00000068   Code   RO         1847    i.prvInitialiseTaskLists  tasks.o
    0x08000d40   0x08000d40   0x00000068   Code   RO         2377    i.prvInsertBlockIntoFreeList  heap_4.o
    0x08000da8   0x08000da8   0x00000058   Code   RO         2208    i.prvInsertTimerInActiveList  timers.o
    0x08000e00   0x08000e00   0x0000001a   Code   RO         1469    i.prvIsQueueEmpty   queue.o
    0x08000e1a   0x08000e1a   0x00000002   PAD
    0x08000e1c   0x08000e1c   0x00000044   Code   RO         2209    i.prvProcessExpiredTimer  timers.o
    0x08000e60   0x08000e60   0x0000011c   Code   RO         2210    i.prvProcessReceivedCommands  timers.o
    0x08000f7c   0x08000f7c   0x00000074   Code   RO         2211    i.prvProcessTimerOrBlockTask  timers.o
    0x08000ff0   0x08000ff0   0x00000028   Code   RO         2212    i.prvReloadTimer    timers.o
    0x08001018   0x08001018   0x00000030   Code   RO         1849    i.prvResetNextTaskUnblockTime  tasks.o
    0x08001048   0x08001048   0x0000002c   Code   RO         2213    i.prvSampleTimeNow  timers.o
    0x08001074   0x08001074   0x00000044   Code   RO         2214    i.prvSwitchTimerLists  timers.o
    0x080010b8   0x080010b8   0x00000040   Code   RO         2438    i.prvTaskExitError  port.o
    0x080010f8   0x080010f8   0x0000001a   Code   RO         2215    i.prvTimerTask      timers.o
    0x08001112   0x08001112   0x0000007e   Code   RO         1471    i.prvUnlockQueue    queue.o
    0x08001190   0x08001190   0x0000012c   Code   RO         2379    i.pvPortMalloc      heap_4.o
    0x080012bc   0x080012bc   0x0000002c   Code   RO         2439    i.pxPortInitialiseStack  port.o
    0x080012e8   0x080012e8   0x00000124   Code   RO          604    i.rcu_clock_freq_get  gd32f4xx_rcu.o
    0x0800140c   0x0800140c   0x00000024   Code   RO          623    i.rcu_periph_clock_enable  gd32f4xx_rcu.o
    0x08001430   0x08001430   0x00000024   Code   RO          626    i.rcu_periph_reset_disable  gd32f4xx_rcu.o
    0x08001454   0x08001454   0x00000024   Code   RO          627    i.rcu_periph_reset_enable  gd32f4xx_rcu.o
    0x08001478   0x08001478   0x000000fc   Code   RO          386    i.system_clock_200m_25m_hxtal  system_gd32f4xx.o
    0x08001574   0x08001574   0x00000008   Code   RO          387    i.system_clock_config  system_gd32f4xx.o
    0x0800157c   0x0800157c   0x00000028   Code   RO         1241    i.systick_clksource_set  gd32f4xx_misc.o
    0x080015a4   0x080015a4   0x00000050   Code   RO            6    i.systick_config    systick.o
    0x080015f4   0x080015f4   0x000000e8   Code   RO          892    i.usart_baudrate_set  gd32f4xx_usart.o
    0x080016dc   0x080016dc   0x00000008   Code   RO          897    i.usart_data_transmit  gd32f4xx_usart.o
    0x080016e4   0x080016e4   0x000000dc   Code   RO          898    i.usart_deinit      gd32f4xx_usart.o
    0x080017c0   0x080017c0   0x0000000a   Code   RO          902    i.usart_enable      gd32f4xx_usart.o
    0x080017ca   0x080017ca   0x0000001e   Code   RO          904    i.usart_flag_get    gd32f4xx_usart.o
    0x080017e8   0x080017e8   0x000000ac   Code   RO          454    i.usart_gpio_config  bsp_usart.o
    0x08001894   0x08001894   0x00000010   Code   RO          927    i.usart_parity_config  gd32f4xx_usart.o
    0x080018a4   0x080018a4   0x00000020   Code   RO          455    i.usart_send_data   bsp_usart.o
    0x080018c4   0x080018c4   0x00000010   Code   RO          940    i.usart_stop_bit_set  gd32f4xx_usart.o
    0x080018d4   0x080018d4   0x00000010   Code   RO          944    i.usart_transmit_config  gd32f4xx_usart.o
    0x080018e4   0x080018e4   0x00000010   Code   RO          945    i.usart_word_length_set  gd32f4xx_usart.o
    0x080018f4   0x080018f4   0x00000028   Code   RO         1424    i.uxListRemove      list.o
    0x0800191c   0x0800191c   0x0000001a   Code   RO         1425    i.vListInitialise   list.o
    0x08001936   0x08001936   0x00000006   Code   RO         1426    i.vListInitialiseItem  list.o
    0x0800193c   0x0800193c   0x00000034   Code   RO         1427    i.vListInsert       list.o
    0x08001970   0x08001970   0x00000018   Code   RO         1428    i.vListInsertEnd    list.o
    0x08001988   0x08001988   0x00000054   Code   RO         2441    i.vPortEnterCritical  port.o
    0x080019dc   0x080019dc   0x0000003c   Code   RO         2442    i.vPortExitCritical  port.o
    0x08001a18   0x08001a18   0x0000008c   Code   RO         2380    i.vPortFree         heap_4.o
    0x08001aa4   0x08001aa4   0x00000028   Code   RO         2443    i.vPortSetupTimerInterrupt  port.o
    0x08001acc   0x08001acc   0x00000060   Code   RO         1477    i.vQueueAddToRegistry  queue.o
    0x08001b2c   0x08001b2c   0x0000004a   Code   RO         1481    i.vQueueWaitForMessageRestricted  queue.o
    0x08001b76   0x08001b76   0x00000002   PAD
    0x08001b78   0x08001b78   0x0000005c   Code   RO         1861    i.vTaskDelay        tasks.o
    0x08001bd4   0x08001bd4   0x000000fc   Code   RO         1862    i.vTaskDelete       tasks.o
    0x08001cd0   0x08001cd0   0x00000018   Code   RO         1866    i.vTaskInternalSetTimeOutState  tasks.o
    0x08001ce8   0x08001ce8   0x0000000c   Code   RO         1867    i.vTaskMissedYield  tasks.o
    0x08001cf4   0x08001cf4   0x00000038   Code   RO         1868    i.vTaskPlaceOnEventList  tasks.o
    0x08001d2c   0x08001d2c   0x00000064   Code   RO         1869    i.vTaskPlaceOnEventListRestricted  tasks.o
    0x08001d90   0x08001d90   0x0000009c   Code   RO         1877    i.vTaskStartScheduler  tasks.o
    0x08001e2c   0x08001e2c   0x00000010   Code   RO         1879    i.vTaskSuspendAll   tasks.o
    0x08001e3c   0x08001e3c   0x0000008c   Code   RO         1880    i.vTaskSwitchContext  tasks.o
    0x08001ec8   0x08001ec8   0x00000168   Code   RO         2445    i.xPortStartScheduler  port.o
    0x08002030   0x08002030   0x00000034   Code   RO         2446    i.xPortSysTickHandler  port.o
    0x08002064   0x08002064   0x00000066   Code   RO         1484    i.xQueueGenericCreate  queue.o
    0x080020ca   0x080020ca   0x00000002   PAD
    0x080020cc   0x080020cc   0x000000dc   Code   RO         1485    i.xQueueGenericReset  queue.o
    0x080021a8   0x080021a8   0x00000168   Code   RO         1494    i.xQueueReceive     queue.o
    0x08002310   0x08002310   0x00000090   Code   RO         1882    i.xTaskCheckForTimeOut  tasks.o
    0x080023a0   0x080023a0   0x00000068   Code   RO         1883    i.xTaskCreate       tasks.o
    0x08002408   0x08002408   0x00000020   Code   RO         1890    i.xTaskGetSchedulerState  tasks.o
    0x08002428   0x08002428   0x0000000c   Code   RO         1891    i.xTaskGetTickCount  tasks.o
    0x08002434   0x08002434   0x000001bc   Code   RO         1893    i.xTaskIncrementTick  tasks.o
    0x080025f0   0x080025f0   0x00000120   Code   RO         1896    i.xTaskRemoveFromEventList  tasks.o
    0x08002710   0x08002710   0x00000178   Code   RO         1897    i.xTaskResumeAll    tasks.o
    0x08002888   0x08002888   0x00000058   Code   RO         2223    i.xTimerCreateTimerTask  timers.o
    0x080028e0   0x080028e0   0x00000020   Data   RO         2828    Region$$Table       anon$$obj.o


    Execution Region RW_IRAM1 (Exec base: 0x20000000, Load base: 0x08002900, Size: 0x000131c0, Max: 0x00030000, ABSOLUTE)

    Exec Addr    Load Addr    Size         Type   Attr      Idx    E Section Name        Object

    0x20000000   0x08002900   0x00000008   Data   RW          315    .data               delay.o
    0x20000008   0x08002908   0x00000004   Data   RW          359    .data               my_task.o
    0x2000000c   0x0800290c   0x00000004   Data   RW          388    .data               system_gd32f4xx.o
    0x20000010   0x08002910   0x00000040   Data   RW         1900    .data               tasks.o
    0x20000050   0x08002950   0x00000014   Data   RW         2231    .data               timers.o
    0x20000064   0x08002964   0x0000001c   Data   RW         2386    .data               heap_4.o
    0x20000080   0x08002980   0x0000000c   Data   RW         2447    .data               port.o
    0x2000008c   0x0800298c   0x00000004   Data   RW         2802    .data               mc_w.l(stdout.o)
    0x20000090        -       0x00000040   Zero   RW         1498    .bss                queue.o
    0x200000d0        -       0x000000c8   Zero   RW         1899    .bss                tasks.o
    0x20000198        -       0x00000028   Zero   RW         2230    .bss                timers.o
    0x200001c0        -       0x00012c00   Zero   RW         2385    .bss                heap_4.o
    0x20012dc0        -       0x00000400   Zero   RW          424    STACK               startup_gd32f450_470.o


==============================================================================

Image component sizes


      Code (inc. data)   RO Data    RW Data    ZI Data      Debug   Object Name

        40          4          0          0          0        486   bsp_led.o
       220         14          0          0          0       1738   bsp_usart.o
         0          0          0          0          0       5572   croutine.o
        84         10          0          8          0       1223   delay.o
         0          0          0          0          0      13164   event_groups.o
       238          0          0          0          0       2468   gd32f4xx_gpio.o
        20          0          0          0          0       2669   gd32f4xx_it.o
        40          0          0          0          0        600   gd32f4xx_misc.o
       400         40          0          0          0       3540   gd32f4xx_rcu.o
       564         18          0          0          0       6033   gd32f4xx_usart.o
       656         58          0         28      76800       5139   heap_4.o
       148          0          0          0          0       3290   list.o
       164         52          0          0          0      12611   main.o
       148         68          0          4          0       1032   my_task.o
       894         78          0         12          0      10616   port.o
      1088         16          0          0         64      12343   queue.o
        36          8        428          0       1024        876   startup_gd32f450_470.o
       460         28          0          4          0       2691   system_gd32f4xx.o
       120         14          0          0          0      70160   systick.o
      3162        386          0         64        200      27948   tasks.o
       962        110          0         20         40      25560   timers.o

    ----------------------------------------------------------------------
      9456        904        460        140      78128     209759   Object Totals
         0          0         32          0          0          0   (incl. Generated)
        12          0          0          0          0          0   (incl. Padding)

    ----------------------------------------------------------------------

      Code (inc. data)   RO Data    RW Data    ZI Data      Debug   Library Member Name

         0          0          0          0          0          0   entry.o
         0          0          0          0          0          0   entry10a.o
         0          0          0          0          0          0   entry11a.o
         4          0          0          0          0          0   entry12b.o
         8          4          0          0          0          0   entry2.o
         4          0          0          0          0          0   entry5.o
         0          0          0          0          0          0   entry7b.o
         0          0          0          0          0          0   entry8b.o
         8          4          0          0          0          0   entry9a.o
        30          0          0          0          0          0   handlers.o
        36          8          0          0          0         68   init.o
        36          0          0          0          0         68   memcpya.o
        36          0          0          0          0        108   memseta.o
       372         14          0          0          0        184   printf1.o
         0          0          0          4          0          0   stdout.o
        44          0          0          0          0         80   uidiv.o

    ----------------------------------------------------------------------
       580         30          0          4          0        508   Library Totals
         2          0          0          0          0          0   (incl. Padding)

    ----------------------------------------------------------------------

      Code (inc. data)   RO Data    RW Data    ZI Data      Debug   Library Name

       578         30          0          4          0        508   mc_w.l

    ----------------------------------------------------------------------
       580         30          0          4          0        508   Library Totals

    ----------------------------------------------------------------------

==============================================================================


      Code (inc. data)   RO Data    RW Data    ZI Data      Debug   

     10036        934        460        144      78128     201015   Grand Totals
     10036        934        460        144      78128     201015   ELF Image Totals
     10036        934        460        144          0          0   ROM Totals

==============================================================================

    Total RO  Size (Code + RO Data)                10496 (  10.25kB)
    Total RW  Size (RW Data + ZI Data)             78272 (  76.44kB)
    Total ROM Size (Code + RO Data + RW Data)      10640 (  10.39kB)

==============================================================================

